
          -------------------------------------------------------
          Amber 18 SANDER                              2018
          -------------------------------------------------------

| Run on 04/10/2019 at 18:28:16

|   Executable path: sander
| Working directory: /home/jlomibao/pAPRika_fork/pAPRika/test/windows_apr/p010
|          Hostname: entropy.ucsd.edu

  [-O]verwriting output

File Assignments:
|  MDIN: minimize.in                                                           
| MDOUT: minimize.out                                                          
|INPCRD: cb6-but-dum.rst7                                                      
|  PARM: cb6-but-dum.prmtop                                                    
|RESTRT: minimize.rst7                                                         
|  REFC: cb6-but-dum.rst7                                                      
| MDVEL: mdvel                                                                 
| MDFRC: mdfrc                                                                 
|  MDEN: minimize.mden                                                         
| MDCRD: minimize.nc                                                           
|MDINFO: minimize.mdinfo                                                       
|  MTMD: mtmd                                                                  
|INPDIP: inpdip                                                                
|RSTDIP: rstdip                                                                
|INPTRA: inptraj                                                               


 Here is the input file:

PBC MD Simulation                                                              
 &cntrl                                                                        
  imin =          1,                                                           
  ntx =           1,                                                           
  irest =         0,                                                           
  maxcyc =        5000,                                                        
  ncyc =          5000,                                                        
  dt =            0.002,                                                       
  nstlim =        5000,                                                        
  ntpr =          500,                                                         
  ntwe =          500,                                                         
  ntwr =          5000,                                                        
  ntwx =          500,                                                         
  ntxo =          1,                                                           
  ioutfm =        1,                                                           
  ntf =           2,                                                           
  ntc =           2,                                                           
  cut =           999.0,                                                       
  igb =           1,                                                           
  tempi =         298.15,                                                      
  temp0 =         298.15,                                                      
  ntt =           3,                                                           
  gamma_ln =      1.0,                                                         
  ig =            -1,                                                          
  ntp =           0,                                                           
  barostat =      2,                                                           
  ntr =           1,                                                           
  restraint_wt =  50.0,                                                        
  restraintmask = '@DUM',                                                      
  nmropt =        1,                                                           
  pencut =        -1,                                                          
  ntb =           0,                                                           
 /                                                                             
 &wt type = 'END', /                                                           
DISANG = rest.in                                                               
LISTOUT = POUT                                                                 
                                                                               

--------------------------------------------------------------------------------
   1.  RESOURCE   USE: 
--------------------------------------------------------------------------------

| Flags:                                                                        
| New format PARM file being parsed.
| Version =    1.000 Date = 01/16/19 Time = 17:42:13
 NATOM  =     125 NTYPES =       7 NBONH =      46 MBONA  =      93
 NTHETH =     118 MTHETA =     158 NPHIH =     200 MPHIA  =     375
 NHPARM =       0 NPARM  =       0 NNB   =     836 NRES   =       5
 NBONA  =      93 NTHETA =     158 NPHIA =     375 NUMBND =       6
 NUMANG =      12 NPTRA  =      13 NATYP =       7 NPHB   =       0
 IFBOX  =       0 NMXRS  =     108 IFCAP =       0 NEXTRA =       0
 NCOPY  =       0

 Implicit solvent radii are modified Bondi radii (mbondi)                                                   

|     Memory Use     Allocated
|     Real               14705
|     Hollerith            382
|     Integer            27997
|     Max Pairs              1
|     nblistReal             0
|     nblist Int             0
|       Total              225 kbytes

| Note: 1-4 EEL scale factors are being read from the topology file.

| Note: 1-4 VDW scale factors are being read from the topology file.
| Duplicated    0 dihedrals
| Duplicated    0 dihedrals
Note: ig = -1. Setting random seed to   837186 based on wallclock time in microseconds.

--------------------------------------------------------------------------------
   2.  CONTROL  DATA  FOR  THE  RUN
--------------------------------------------------------------------------------

default_name                                                                    

General flags:
     imin    =       1, nmropt  =       1

Nature and format of input:
     ntx     =       1, irest   =       0, ntrx    =       1

Nature and format of output:
     ntxo    =       1, ntpr    =     500, ntrx    =       1, ntwr    =    5000
     iwrap   =       0, ntwx    =     500, ntwv    =       0, ntwe    =     500
     ioutfm  =       1, ntwprt  =       0, idecomp =       0, rbornstat=      0

Potential function:
     ntf     =       2, ntb     =       0, igb     =       1, nsnb    =      25
     ipol    =       0, gbsa    =       0, iesp    =       0
     dielc   =   1.00000, cut     = 999.00000, intdiel =   1.00000
     saltcon =   0.00000, offset  =   0.09000, gbalpha=    1.00000
     gbbeta  =   0.00000, gbgamma =   0.00000, surften =   0.00500
     rdt     =   0.00000, rgbmax  =  25.00000  extdiel =  78.50000
     alpb  =        0

Frozen or restrained atoms:
     ibelly  =       0, ntr     =       1
     restraint_wt =  50.00000

Energy minimization:
     maxcyc  =    5000, ncyc    =    5000, ntmin   =       1
     dx0     =   0.01000, drms    =   0.00010

SHAKE:
     ntc     =       2, jfastw  =       0
     tol     =   0.00001

NMR refinement options:
     iscale  =       0, noeskp  =       1, ipnlty  =       1, mxsub   =       1
     scalm   = 100.00000, pencut  =  -1.00000, tausw   =   0.10000
|  INFO: Old style inpcrd file read


    LOADING THE CONSTRAINED ATOMS AS GROUPS


   5.  REFERENCE ATOM COORDINATES

      
     Mask @DUM; matches     3 atoms

--------------------------------------------------------------------------------
   3.  ATOMIC COORDINATES AND VELOCITIES
--------------------------------------------------------------------------------

                                                                                
 begin time read from input coords =     0.000 ps



           Begin reading energy term weight changes/NMR restraints
 WEIGHT CHANGES:
                         ** No weight changes given **

 RESTRAINTS:
 Requested file redirections:
  DISANG    = rest.in
  LISTOUT   = POUT
 Restraints will be read from file: rest.in
Here are comments from the DISANG input file:

                       Number of restraints read =     9

                  Done reading weight changes/NMR restraints


 Number of triangulated 3-point waters found:        0

--------------------------------------------------------------------------------
   4.  RESULTS
--------------------------------------------------------------------------------



   NSTEP       ENERGY          RMS            GMAX         NAME    NUMBER
      1      -7.9700E+02     1.0076E+01     2.4803E+01     N3          8

 BOND    =       11.0328  ANGLE   =      109.3438  DIHED      =       52.9822
 VDWAALS =      -45.9540  EEL     =     1326.5697  EGB        =     -129.3152
 1-4 VDW =        5.8710  1-4 EEL =    -2127.5276  RESTRAINT  =        0.0000
 EAMBER  =     -796.9974
 NMR restraints: Bond =    0.000   Angle =     0.000   Torsion =     0.000
===============================================================================


   NSTEP       ENERGY          RMS            GMAX         NAME    NUMBER
    500      -8.1131E+02     4.6899E-01     1.5997E+00     H4         17

 BOND    =        1.1086  ANGLE   =      107.7344  DIHED      =       51.4571
 VDWAALS =      -46.5268  EEL     =     1337.4307  EGB        =     -135.5642
 1-4 VDW =        5.2100  1-4 EEL =    -2132.1660  RESTRAINT  =        0.0098
 EAMBER  =     -811.3162
 NMR restraints: Bond =    0.009   Angle =     0.000   Torsion =     0.000
===============================================================================


   NSTEP       ENERGY          RMS            GMAX         NAME    NUMBER
   1000      -8.1131E+02     4.6898E-01     1.5997E+00     H4         17

 BOND    =        1.1088  ANGLE   =      107.7345  DIHED      =       51.4568
 VDWAALS =      -46.5273  EEL     =     1337.4363  EGB        =     -135.5656
 1-4 VDW =        5.2102  1-4 EEL =    -2132.1700  RESTRAINT  =        0.0098
 EAMBER  =     -811.3162
 NMR restraints: Bond =    0.009   Angle =     0.000   Torsion =     0.000
===============================================================================


   NSTEP       ENERGY          RMS            GMAX         NAME    NUMBER
   1500      -8.1131E+02     4.6898E-01     1.5997E+00     H4         17

 BOND    =        1.1090  ANGLE   =      107.7346  DIHED      =       51.4566
 VDWAALS =      -46.5277  EEL     =     1337.4415  EGB        =     -135.5670
 1-4 VDW =        5.2105  1-4 EEL =    -2132.1736  RESTRAINT  =        0.0098
 EAMBER  =     -811.3161
 NMR restraints: Bond =    0.009   Angle =     0.000   Torsion =     0.000
===============================================================================


   NSTEP       ENERGY          RMS            GMAX         NAME    NUMBER
   2000      -8.1131E+02     4.6896E-01     1.5997E+00     H4         17

 BOND    =        1.1092  ANGLE   =      107.7347  DIHED      =       51.4564
 VDWAALS =      -46.5283  EEL     =     1337.4479  EGB        =     -135.5686
 1-4 VDW =        5.2108  1-4 EEL =    -2132.1782  RESTRAINT  =        0.0098
 EAMBER  =     -811.3162
 NMR restraints: Bond =    0.009   Angle =     0.000   Torsion =     0.000
===============================================================================


   NSTEP       ENERGY          RMS            GMAX         NAME    NUMBER
   2500      -8.1131E+02     4.6896E-01     1.5997E+00     H4         17

 BOND    =        1.1094  ANGLE   =      107.7348  DIHED      =       51.4561
 VDWAALS =      -46.5288  EEL     =     1337.4538  EGB        =     -135.5701
 1-4 VDW =        5.2110  1-4 EEL =    -2132.1824  RESTRAINT  =        0.0098
 EAMBER  =     -811.3161
 NMR restraints: Bond =    0.009   Angle =     0.000   Torsion =     0.000
===============================================================================


   NSTEP       ENERGY          RMS            GMAX         NAME    NUMBER
   3000      -8.1131E+02     4.6894E-01     1.5997E+00     H4         17

 BOND    =        1.1096  ANGLE   =      107.7349  DIHED      =       51.4559
 VDWAALS =      -46.5293  EEL     =     1337.4597  EGB        =     -135.5715
 1-4 VDW =        5.2113  1-4 EEL =    -2132.1868  RESTRAINT  =        0.0098
 EAMBER  =     -811.3162
 NMR restraints: Bond =    0.009   Angle =     0.000   Torsion =     0.000
===============================================================================


   NSTEP       ENERGY          RMS            GMAX         NAME    NUMBER
   3500      -8.1131E+02     4.6894E-01     1.5997E+00     H4         17

 BOND    =        1.1098  ANGLE   =      107.7350  DIHED      =       51.4556
 VDWAALS =      -46.5298  EEL     =     1337.4655  EGB        =     -135.5730
 1-4 VDW =        5.2116  1-4 EEL =    -2132.1908  RESTRAINT  =        0.0098
 EAMBER  =     -811.3161
 NMR restraints: Bond =    0.009   Angle =     0.000   Torsion =     0.000
===============================================================================


   NSTEP       ENERGY          RMS            GMAX         NAME    NUMBER
   4000      -8.1131E+02     4.6893E-01     1.5997E+00     H4         17

 BOND    =        1.1100  ANGLE   =      107.7351  DIHED      =       51.4554
 VDWAALS =      -46.5303  EEL     =     1337.4715  EGB        =     -135.5745
 1-4 VDW =        5.2119  1-4 EEL =    -2132.1950  RESTRAINT  =        0.0098
 EAMBER  =     -811.3161
 NMR restraints: Bond =    0.009   Angle =     0.000   Torsion =     0.000
===============================================================================


   NSTEP       ENERGY          RMS            GMAX         NAME    NUMBER
   4500      -8.1131E+02     4.6892E-01     1.5997E+00     H4         17

 BOND    =        1.1102  ANGLE   =      107.7352  DIHED      =       51.4551
 VDWAALS =      -46.5308  EEL     =     1337.4777  EGB        =     -135.5761
 1-4 VDW =        5.2121  1-4 EEL =    -2132.1996  RESTRAINT  =        0.0098
 EAMBER  =     -811.3161
 NMR restraints: Bond =    0.009   Angle =     0.000   Torsion =     0.000
===============================================================================


   NSTEP       ENERGY          RMS            GMAX         NAME    NUMBER
   5000      -8.1131E+02     4.6890E-01     1.5997E+00     H4         17

 BOND    =        1.1104  ANGLE   =      107.7353  DIHED      =       51.4549
 VDWAALS =      -46.5313  EEL     =     1337.4835  EGB        =     -135.5775
 1-4 VDW =        5.2124  1-4 EEL =    -2132.2039  RESTRAINT  =        0.0098
 EAMBER  =     -811.3162
 NMR restraints: Bond =    0.009   Angle =     0.000   Torsion =     0.000
===============================================================================


  Maximum number of minimization cycles reached.


                    FINAL RESULTS



   NSTEP       ENERGY          RMS            GMAX         NAME    NUMBER
   5000      -8.1131E+02     4.6890E-01     1.5997E+00     H4         17

 BOND    =        1.1104  ANGLE   =      107.7353  DIHED      =       51.4549
 VDWAALS =      -46.5313  EEL     =     1337.4835  EGB        =     -135.5775
 1-4 VDW =        5.2124  1-4 EEL =    -2132.2039  RESTRAINT  =        0.0098
 EAMBER  =     -811.3162
 NMR restraints: Bond =    0.009   Angle =     0.000   Torsion =     0.000
===============================================================================
 ------------------------------------------------------------------------------


 Final Restraint Analysis for coords: minimize.rst7                           


 Restraints, deviations, and energy contributions:    pencut =   -1.00

 ------------------------------------------------------------------------------
     First atom        Last atom    curr. value target deviation  penalty
 ------------------------------------------------------------------------------
  DUM  DM1    3 --  C7   CB6    1:    9.306    9.302    0.004    0.000 d    0: 0
  DUM  DM2    4 --  C7   CB6    1:  147.400  147.398    0.002    0.000 a
  DUM  DM2    4 --  DUM  DM1    3:   49.473   49.483    0.010    0.000 t
  DUM  DM1    3 --  C31  CB6    1:   62.012   62.003    0.009    0.000 a
  DUM  DM1    3 --  C7   CB6    1: -146.194 -146.178    0.015    0.000 t
  C7   CB6    1 --  C31  CB6    1:  -72.551  -72.548    0.003    0.000 t
  DUM  DM1    3 --  C    BUT    2:   16.547   16.588    0.041    0.008 d    0: 0
  DUM  DM2    4 --  C    BUT    2:  179.995  180.000    0.005    0.000 a
  DUM  DM1    3 --  C3   BUT    2:  179.889  180.000    0.111    0.000 a
                                       Total distance penalty:      0.009
                                       Total angle    penalty:      0.000
                                       Total torsion  penalty:      0.000
|                               RMS deviation from ideal bonds :      0.0094
|                               RMS deviation from ideal angles:      4.472
 ------------------------------------------------------------------------------

--------------------------------------------------------------------------------
   5.  TIMINGS
--------------------------------------------------------------------------------

|                Calc gb radii              2.17 (21.61% of Gen B)
|                Calc gb diag               3.89 (38.78% of Gen B)
|                Calc gb off-diag           3.97 (39.59% of Gen B)
|                Other                      0.00 ( 0.02% of Gen B)
|             Gen Born time             10.02 (100.0% of Nonbo)
|          Nonbond force             10.02 (90.40% of Force)
|          Bond/Angle/Dihedral        1.03 ( 9.29% of Force)
|          Other                      0.03 ( 0.31% of Force)
|       Force time                11.09 (100.0% of Runmd)
|    Runmd Time                11.09 (99.80% of Total)
|    Other                      0.02 ( 0.19% of Total)
| Total time                11.11 (100.0% of ALL  )

| Number of list builds   :          0

| Highest rstack allocated:          0
| Highest istack allocated:          0
|           Job began  at 18:28:16.833  on 04/10/2019
|           Setup done at 18:28:16.838  on 04/10/2019
|           Run   done at 18:28:27.945  on 04/10/2019
|     wallclock() was called   90028 times

|3D-RISM memory allocation summary
|Type          Maximum        Current   
|Integer       0.00000 GB     0.00000 GB
|Real          0.00000 GB     0.00000 GB
|Logical       0.00000 GB     0.00000 GB
|Character     0.00000 GB     0.00000 GB
|---------------------------------------
|Total         0.00000 GB     0.00000 GB
