
          -------------------------------------------------------
          Amber 18 SANDER                              2018
          -------------------------------------------------------

| Run on 04/10/2019 at 18:01:20

|   Executable path: sander
| Working directory: /home/jlomibao/pAPRika_fork/pAPRika/test/windows_apr/a007
|          Hostname: entropy.ucsd.edu

  [-O]verwriting output

File Assignments:
|  MDIN: minimize.in                                                           
| MDOUT: minimize.out                                                          
|INPCRD: cb6-but-dum.rst7                                                      
|  PARM: cb6-but-dum.prmtop                                                    
|RESTRT: minimize.rst7                                                         
|  REFC: cb6-but-dum.rst7                                                      
| MDVEL: mdvel                                                                 
| MDFRC: mdfrc                                                                 
|  MDEN: minimize.mden                                                         
| MDCRD: minimize.nc                                                           
|MDINFO: minimize.mdinfo                                                       
|  MTMD: mtmd                                                                  
|INPDIP: inpdip                                                                
|RSTDIP: rstdip                                                                
|INPTRA: inptraj                                                               


 Here is the input file:

PBC MD Simulation                                                              
 &cntrl                                                                        
  imin =          1,                                                           
  ntx =           1,                                                           
  irest =         0,                                                           
  maxcyc =        5000,                                                        
  ncyc =          5000,                                                        
  dt =            0.002,                                                       
  nstlim =        5000,                                                        
  ntpr =          500,                                                         
  ntwe =          500,                                                         
  ntwr =          5000,                                                        
  ntwx =          500,                                                         
  ntxo =          1,                                                           
  ioutfm =        1,                                                           
  ntf =           2,                                                           
  ntc =           2,                                                           
  cut =           999.0,                                                       
  igb =           1,                                                           
  tempi =         298.15,                                                      
  temp0 =         298.15,                                                      
  ntt =           3,                                                           
  gamma_ln =      1.0,                                                         
  ig =            -1,                                                          
  ntp =           0,                                                           
  barostat =      2,                                                           
  ntr =           1,                                                           
  restraint_wt =  50.0,                                                        
  restraintmask = '@DUM',                                                      
  nmropt =        1,                                                           
  pencut =        -1,                                                          
  ntb =           0,                                                           
 /                                                                             
 &wt type = 'END', /                                                           
DISANG = rest.in                                                               
LISTOUT = POUT                                                                 
                                                                               

--------------------------------------------------------------------------------
   1.  RESOURCE   USE: 
--------------------------------------------------------------------------------

| Flags:                                                                        
| New format PARM file being parsed.
| Version =    1.000 Date = 01/16/19 Time = 17:42:13
 NATOM  =     125 NTYPES =       7 NBONH =      46 MBONA  =      93
 NTHETH =     118 MTHETA =     158 NPHIH =     200 MPHIA  =     375
 NHPARM =       0 NPARM  =       0 NNB   =     836 NRES   =       5
 NBONA  =      93 NTHETA =     158 NPHIA =     375 NUMBND =       6
 NUMANG =      12 NPTRA  =      13 NATYP =       7 NPHB   =       0
 IFBOX  =       0 NMXRS  =     108 IFCAP =       0 NEXTRA =       0
 NCOPY  =       0

 Implicit solvent radii are modified Bondi radii (mbondi)                                                   

|     Memory Use     Allocated
|     Real               14705
|     Hollerith            382
|     Integer            27997
|     Max Pairs              1
|     nblistReal             0
|     nblist Int             0
|       Total              225 kbytes

| Note: 1-4 EEL scale factors are being read from the topology file.

| Note: 1-4 VDW scale factors are being read from the topology file.
| Duplicated    0 dihedrals
| Duplicated    0 dihedrals
Note: ig = -1. Setting random seed to   173211 based on wallclock time in microseconds.

--------------------------------------------------------------------------------
   2.  CONTROL  DATA  FOR  THE  RUN
--------------------------------------------------------------------------------

default_name                                                                    

General flags:
     imin    =       1, nmropt  =       1

Nature and format of input:
     ntx     =       1, irest   =       0, ntrx    =       1

Nature and format of output:
     ntxo    =       1, ntpr    =     500, ntrx    =       1, ntwr    =    5000
     iwrap   =       0, ntwx    =     500, ntwv    =       0, ntwe    =     500
     ioutfm  =       1, ntwprt  =       0, idecomp =       0, rbornstat=      0

Potential function:
     ntf     =       2, ntb     =       0, igb     =       1, nsnb    =      25
     ipol    =       0, gbsa    =       0, iesp    =       0
     dielc   =   1.00000, cut     = 999.00000, intdiel =   1.00000
     saltcon =   0.00000, offset  =   0.09000, gbalpha=    1.00000
     gbbeta  =   0.00000, gbgamma =   0.00000, surften =   0.00500
     rdt     =   0.00000, rgbmax  =  25.00000  extdiel =  78.50000
     alpb  =        0

Frozen or restrained atoms:
     ibelly  =       0, ntr     =       1
     restraint_wt =  50.00000

Energy minimization:
     maxcyc  =    5000, ncyc    =    5000, ntmin   =       1
     dx0     =   0.01000, drms    =   0.00010

SHAKE:
     ntc     =       2, jfastw  =       0
     tol     =   0.00001

NMR refinement options:
     iscale  =       0, noeskp  =       1, ipnlty  =       1, mxsub   =       1
     scalm   = 100.00000, pencut  =  -1.00000, tausw   =   0.10000
|  INFO: Old style inpcrd file read


    LOADING THE CONSTRAINED ATOMS AS GROUPS


   5.  REFERENCE ATOM COORDINATES

  defa
     Mask @DUM; matches     3 atoms

--------------------------------------------------------------------------------
   3.  ATOMIC COORDINATES AND VELOCITIES
--------------------------------------------------------------------------------

default_name                                                                    
 begin time read from input coords =     0.000 ps



           Begin reading energy term weight changes/NMR restraints
 WEIGHT CHANGES:
                         ** No weight changes given **

 RESTRAINTS:
 Requested file redirections:
  DISANG    = rest.in
  LISTOUT   = POUT
 Restraints will be read from file: rest.in
Here are comments from the DISANG input file:

                       Number of restraints read =     9

                  Done reading weight changes/NMR restraints


 Number of triangulated 3-point waters found:        0

--------------------------------------------------------------------------------
   4.  RESULTS
--------------------------------------------------------------------------------



   NSTEP       ENERGY          RMS            GMAX         NAME    NUMBER
      1      -8.1356E+02     1.0057E+01     2.4770E+01     N12        57

 BOND    =       11.0328  ANGLE   =      109.3438  DIHED      =       52.9822
 VDWAALS =      -67.7110  EEL     =     1326.2731  EGB        =     -123.8292
 1-4 VDW =        5.8710  1-4 EEL =    -2127.5276  RESTRAINT  =        0.0000
 EAMBER  =     -813.5649
 NMR restraints: Bond =    0.000   Angle =     0.000   Torsion =     0.000
===============================================================================


   NSTEP       ENERGY          RMS            GMAX         NAME    NUMBER
    500      -8.2743E+02     4.9801E-01     1.6771E+00     H7        120

 BOND    =        1.2505  ANGLE   =      107.5594  DIHED      =       52.5864
 VDWAALS =      -68.4347  EEL     =     1332.0512  EGB        =     -127.3782
 1-4 VDW =        5.4817  1-4 EEL =    -2130.5476  RESTRAINT  =        0.0038
 EAMBER  =     -827.4313
 NMR restraints: Bond =    0.001   Angle =     0.003   Torsion =     0.000
===============================================================================


   NSTEP       ENERGY          RMS            GMAX         NAME    NUMBER
   1000      -8.2745E+02     4.9383E-01     1.5809E+00     H32       105

 BOND    =        1.2637  ANGLE   =      107.5461  DIHED      =       52.6112
 VDWAALS =      -68.5207  EEL     =     1332.3213  EGB        =     -127.4351
 1-4 VDW =        5.5025  1-4 EEL =    -2130.7431  RESTRAINT  =        0.0082
 EAMBER  =     -827.4541
 NMR restraints: Bond =    0.001   Angle =     0.006   Torsion =     0.000
===============================================================================


   NSTEP       ENERGY          RMS            GMAX         NAME    NUMBER
   1500      -8.2746E+02     4.9661E-01     1.5809E+00     H32       105

 BOND    =        1.2739  ANGLE   =      107.5429  DIHED      =       52.6115
 VDWAALS =      -68.5435  EEL     =     1332.3970  EGB        =     -127.4642
 1-4 VDW =        5.5053  1-4 EEL =    -2130.7905  RESTRAINT  =        0.0116
 EAMBER  =     -827.4676
 NMR restraints: Bond =    0.002   Angle =     0.009   Torsion =     0.000
===============================================================================


   NSTEP       ENERGY          RMS            GMAX         NAME    NUMBER
   2000      -8.2746E+02     4.9607E-01     1.5808E+00     H32       105

 BOND    =        1.2504  ANGLE   =      107.5446  DIHED      =       52.6104
 VDWAALS =      -68.5551  EEL     =     1332.3820  EGB        =     -127.4214
 1-4 VDW =        5.5114  1-4 EEL =    -2130.7990  RESTRAINT  =        0.0144
 EAMBER  =     -827.4767
 NMR restraints: Bond =    0.002   Angle =     0.012   Torsion =     0.001
===============================================================================


   NSTEP       ENERGY          RMS            GMAX         NAME    NUMBER
   2500      -8.2747E+02     4.9071E-01     1.5809E+00     H32       105

 BOND    =        1.2628  ANGLE   =      107.5422  DIHED      =       52.6109
 VDWAALS =      -68.5634  EEL     =     1332.4196  EGB        =     -127.4485
 1-4 VDW =        5.5103  1-4 EEL =    -2130.8166  RESTRAINT  =        0.0167
 EAMBER  =     -827.4826
 NMR restraints: Bond =    0.002   Angle =     0.013   Torsion =     0.001
===============================================================================


   NSTEP       ENERGY          RMS            GMAX         NAME    NUMBER
   3000      -8.2747E+02     4.9066E-01     1.5809E+00     H32       105

 BOND    =        1.2628  ANGLE   =      107.5422  DIHED      =       52.6110
 VDWAALS =      -68.5640  EEL     =     1332.4208  EGB        =     -127.4485
 1-4 VDW =        5.5104  1-4 EEL =    -2130.8177  RESTRAINT  =        0.0169
 EAMBER  =     -827.4832
 NMR restraints: Bond =    0.002   Angle =     0.014   Torsion =     0.001
===============================================================================


   NSTEP       ENERGY          RMS            GMAX         NAME    NUMBER
   3500      -8.2747E+02     4.9066E-01     1.5809E+00     H32       105

 BOND    =        1.2628  ANGLE   =      107.5422  DIHED      =       52.6110
 VDWAALS =      -68.5640  EEL     =     1332.4208  EGB        =     -127.4485
 1-4 VDW =        5.5104  1-4 EEL =    -2130.8178  RESTRAINT  =        0.0169
 EAMBER  =     -827.4832
 NMR restraints: Bond =    0.002   Angle =     0.014   Torsion =     0.001
===============================================================================


   NSTEP       ENERGY          RMS            GMAX         NAME    NUMBER
   4000      -8.2747E+02     4.9066E-01     1.5809E+00     H32       105

 BOND    =        1.2628  ANGLE   =      107.5422  DIHED      =       52.6110
 VDWAALS =      -68.5640  EEL     =     1332.4209  EGB        =     -127.4485
 1-4 VDW =        5.5103  1-4 EEL =    -2130.8179  RESTRAINT  =        0.0169
 EAMBER  =     -827.4833
 NMR restraints: Bond =    0.002   Angle =     0.014   Torsion =     0.001
===============================================================================


   NSTEP       ENERGY          RMS            GMAX         NAME    NUMBER
   4500      -8.2747E+02     4.9066E-01     1.5809E+00     H32       105

 BOND    =        1.2628  ANGLE   =      107.5422  DIHED      =       52.6110
 VDWAALS =      -68.5640  EEL     =     1332.4209  EGB        =     -127.4485
 1-4 VDW =        5.5103  1-4 EEL =    -2130.8179  RESTRAINT  =        0.0169
 EAMBER  =     -827.4833
 NMR restraints: Bond =    0.002   Angle =     0.014   Torsion =     0.001
===============================================================================


   NSTEP       ENERGY          RMS            GMAX         NAME    NUMBER
   5000      -8.2747E+02     4.9066E-01     1.5809E+00     H32       105

 BOND    =        1.2628  ANGLE   =      107.5422  DIHED      =       52.6110
 VDWAALS =      -68.5641  EEL     =     1332.4208  EGB        =     -127.4485
 1-4 VDW =        5.5104  1-4 EEL =    -2130.8178  RESTRAINT  =        0.0169
 EAMBER  =     -827.4832
 NMR restraints: Bond =    0.002   Angle =     0.014   Torsion =     0.001
===============================================================================


  Maximum number of minimization cycles reached.


                    FINAL RESULTS



   NSTEP       ENERGY          RMS            GMAX         NAME    NUMBER
   5000      -8.2747E+02     4.9066E-01     1.5809E+00     H32       105

 BOND    =        1.2628  ANGLE   =      107.5422  DIHED      =       52.6110
 VDWAALS =      -68.5641  EEL     =     1332.4208  EGB        =     -127.4485
 1-4 VDW =        5.5104  1-4 EEL =    -2130.8178  RESTRAINT  =        0.0169
 EAMBER  =     -827.4832
 NMR restraints: Bond =    0.002   Angle =     0.014   Torsion =     0.001
===============================================================================
 ------------------------------------------------------------------------------


 Final Restraint Analysis for coords: minimize.rst7                           


 Restraints, deviations, and energy contributions:    pencut =   -1.00

 ------------------------------------------------------------------------------
     First atom        Last atom    curr. value target deviation  penalty
 ------------------------------------------------------------------------------
  DUM  DM1    3 --  C7   CB6    1:    9.303    9.302    0.001    0.000 d    0: 0
  DUM  DM2    4 --  C7   CB6    1:  147.296  147.398    0.102    0.000 a
  DUM  DM2    4 --  DUM  DM1    3:   49.489   49.483    0.006    0.000 t
  DUM  DM1    3 --  C31  CB6    1:   61.989   62.003    0.014    0.000 a
  DUM  DM1    3 --  C7   CB6    1: -146.088 -146.178    0.091    0.000 t
  C7   CB6    1 --  C31  CB6    1:  -72.707  -72.548    0.158    0.001 t
  DUM  DM1    3 --  C    BUT    2:    5.930    6.000    0.070    0.002 d    0: 0
  DUM  DM2    4 --  C    BUT    2:  179.142  180.000    0.858    0.002 a
  DUM  DM1    3 --  C3   BUT    2:  177.925  180.000    2.075    0.011 a
                                       Total distance penalty:      0.002
                                       Total angle    penalty:      0.014
                                       Total torsion  penalty:      0.001
|                               RMS deviation from ideal bonds :      0.0096
|                               RMS deviation from ideal angles:      4.465
 ------------------------------------------------------------------------------

--------------------------------------------------------------------------------
   5.  TIMINGS
--------------------------------------------------------------------------------

|                Calc gb radii              2.38 (22.39% of Gen B)
|                Calc gb diag               4.23 (39.74% of Gen B)
|                Calc gb off-diag           4.03 (37.85% of Gen B)
|                Other                      0.00 ( 0.02% of Gen B)
|             Gen Born time             10.64 (100.0% of Nonbo)
|          Nonbond force             10.64 (90.63% of Force)
|          Bond/Angle/Dihedral        1.06 ( 9.07% of Force)
|          Other                      0.04 ( 0.30% of Force)
|       Force time                11.74 (100.0% of Runmd)
|    Runmd Time                11.74 (99.77% of Total)
|    Other                      0.03 ( 0.22% of Total)
| Total time                11.77 (100.0% of ALL  )

| Number of list builds   :          0

| Highest rstack allocated:          0
| Highest istack allocated:          0
|           Job began  at 18:01:20.169  on 04/10/2019
|           Setup done at 18:01:20.174  on 04/10/2019
|           Run   done at 18:01:31.937  on 04/10/2019
|     wallclock() was called   90028 times

|3D-RISM memory allocation summary
|Type          Maximum        Current   
|Integer       0.00000 GB     0.00000 GB
|Real          0.00000 GB     0.00000 GB
|Logical       0.00000 GB     0.00000 GB
|Character     0.00000 GB     0.00000 GB
|---------------------------------------
|Total         0.00000 GB     0.00000 GB
