
          -------------------------------------------------------
          Amber 18 SANDER                              2018
          -------------------------------------------------------

| Run on 04/10/2019 at 18:23:39

|   Executable path: sander
| Working directory: /home/jlomibao/pAPRika_fork/pAPRika/test/windows_apr/p007
|          Hostname: entropy.ucsd.edu

  [-O]verwriting output

File Assignments:
|  MDIN: minimize.in                                                           
| MDOUT: minimize.out                                                          
|INPCRD: cb6-but-dum.rst7                                                      
|  PARM: cb6-but-dum.prmtop                                                    
|RESTRT: minimize.rst7                                                         
|  REFC: cb6-but-dum.rst7                                                      
| MDVEL: mdvel                                                                 
| MDFRC: mdfrc                                                                 
|  MDEN: minimize.mden                                                         
| MDCRD: minimize.nc                                                           
|MDINFO: minimize.mdinfo                                                       
|  MTMD: mtmd                                                                  
|INPDIP: inpdip                                                                
|RSTDIP: rstdip                                                                
|INPTRA: inptraj                                                               


 Here is the input file:

PBC MD Simulation                                                              
 &cntrl                                                                        
  imin =          1,                                                           
  ntx =           1,                                                           
  irest =         0,                                                           
  maxcyc =        5000,                                                        
  ncyc =          5000,                                                        
  dt =            0.002,                                                       
  nstlim =        5000,                                                        
  ntpr =          500,                                                         
  ntwe =          500,                                                         
  ntwr =          5000,                                                        
  ntwx =          500,                                                         
  ntxo =          1,                                                           
  ioutfm =        1,                                                           
  ntf =           2,                                                           
  ntc =           2,                                                           
  cut =           999.0,                                                       
  igb =           1,                                                           
  tempi =         298.15,                                                      
  temp0 =         298.15,                                                      
  ntt =           3,                                                           
  gamma_ln =      1.0,                                                         
  ig =            -1,                                                          
  ntp =           0,                                                           
  barostat =      2,                                                           
  ntr =           1,                                                           
  restraint_wt =  50.0,                                                        
  restraintmask = '@DUM',                                                      
  nmropt =        1,                                                           
  pencut =        -1,                                                          
  ntb =           0,                                                           
 /                                                                             
 &wt type = 'END', /                                                           
DISANG = rest.in                                                               
LISTOUT = POUT                                                                 
                                                                               

--------------------------------------------------------------------------------
   1.  RESOURCE   USE: 
--------------------------------------------------------------------------------

| Flags:                                                                        
| New format PARM file being parsed.
| Version =    1.000 Date = 01/16/19 Time = 17:42:13
 NATOM  =     125 NTYPES =       7 NBONH =      46 MBONA  =      93
 NTHETH =     118 MTHETA =     158 NPHIH =     200 MPHIA  =     375
 NHPARM =       0 NPARM  =       0 NNB   =     836 NRES   =       5
 NBONA  =      93 NTHETA =     158 NPHIA =     375 NUMBND =       6
 NUMANG =      12 NPTRA  =      13 NATYP =       7 NPHB   =       0
 IFBOX  =       0 NMXRS  =     108 IFCAP =       0 NEXTRA =       0
 NCOPY  =       0

 Implicit solvent radii are modified Bondi radii (mbondi)                                                   

|     Memory Use     Allocated
|     Real               14705
|     Hollerith            382
|     Integer            27997
|     Max Pairs              1
|     nblistReal             0
|     nblist Int             0
|       Total              225 kbytes

| Note: 1-4 EEL scale factors are being read from the topology file.

| Note: 1-4 VDW scale factors are being read from the topology file.
| Duplicated    0 dihedrals
| Duplicated    0 dihedrals
Note: ig = -1. Setting random seed to   631597 based on wallclock time in microseconds.

--------------------------------------------------------------------------------
   2.  CONTROL  DATA  FOR  THE  RUN
--------------------------------------------------------------------------------

default_name                                                                    

General flags:
     imin    =       1, nmropt  =       1

Nature and format of input:
     ntx     =       1, irest   =       0, ntrx    =       1

Nature and format of output:
     ntxo    =       1, ntpr    =     500, ntrx    =       1, ntwr    =    5000
     iwrap   =       0, ntwx    =     500, ntwv    =       0, ntwe    =     500
     ioutfm  =       1, ntwprt  =       0, idecomp =       0, rbornstat=      0

Potential function:
     ntf     =       2, ntb     =       0, igb     =       1, nsnb    =      25
     ipol    =       0, gbsa    =       0, iesp    =       0
     dielc   =   1.00000, cut     = 999.00000, intdiel =   1.00000
     saltcon =   0.00000, offset  =   0.09000, gbalpha=    1.00000
     gbbeta  =   0.00000, gbgamma =   0.00000, surften =   0.00500
     rdt     =   0.00000, rgbmax  =  25.00000  extdiel =  78.50000
     alpb  =        0

Frozen or restrained atoms:
     ibelly  =       0, ntr     =       1
     restraint_wt =  50.00000

Energy minimization:
     maxcyc  =    5000, ncyc    =    5000, ntmin   =       1
     dx0     =   0.01000, drms    =   0.00010

SHAKE:
     ntc     =       2, jfastw  =       0
     tol     =   0.00001

NMR refinement options:
     iscale  =       0, noeskp  =       1, ipnlty  =       1, mxsub   =       1
     scalm   = 100.00000, pencut  =  -1.00000, tausw   =   0.10000
|  INFO: Old style inpcrd file read


    LOADING THE CONSTRAINED ATOMS AS GROUPS


   5.  REFERENCE ATOM COORDINATES

      
     Mask @DUM; matches     3 atoms

--------------------------------------------------------------------------------
   3.  ATOMIC COORDINATES AND VELOCITIES
--------------------------------------------------------------------------------

                                                                                
 begin time read from input coords =     0.000 ps



           Begin reading energy term weight changes/NMR restraints
 WEIGHT CHANGES:
                         ** No weight changes given **

 RESTRAINTS:
 Requested file redirections:
  DISANG    = rest.in
  LISTOUT   = POUT
 Restraints will be read from file: rest.in
Here are comments from the DISANG input file:

                       Number of restraints read =     9

                  Done reading weight changes/NMR restraints


 Number of triangulated 3-point waters found:        0

--------------------------------------------------------------------------------
   4.  RESULTS
--------------------------------------------------------------------------------



   NSTEP       ENERGY          RMS            GMAX         NAME    NUMBER
      1      -7.9792E+02     1.0085E+01     2.4829E+01     N3          8

 BOND    =       11.0328  ANGLE   =      109.3438  DIHED      =       52.9822
 VDWAALS =      -48.2797  EEL     =     1326.5230  EGB        =     -127.8627
 1-4 VDW =        5.8710  1-4 EEL =    -2127.5276  RESTRAINT  =        0.0000
 EAMBER  =     -797.9172
 NMR restraints: Bond =    0.000   Angle =     0.000   Torsion =     0.000
===============================================================================


   NSTEP       ENERGY          RMS            GMAX         NAME    NUMBER
    500      -8.1222E+02     4.6855E-01     1.6091E+00     H10        35

 BOND    =        1.1155  ANGLE   =      107.7359  DIHED      =       51.4826
 VDWAALS =      -48.9522  EEL     =     1337.1569  EGB        =     -133.8476
 1-4 VDW =        5.2179  1-4 EEL =    -2132.1373  RESTRAINT  =        0.0126
 EAMBER  =     -812.2283
 NMR restraints: Bond =    0.011   Angle =     0.000   Torsion =     0.000
===============================================================================


   NSTEP       ENERGY          RMS            GMAX         NAME    NUMBER
   1000      -8.1222E+02     4.6854E-01     1.6091E+00     H10        35

 BOND    =        1.1157  ANGLE   =      107.7359  DIHED      =       51.4824
 VDWAALS =      -48.9526  EEL     =     1337.1619  EGB        =     -133.8488
 1-4 VDW =        5.2182  1-4 EEL =    -2132.1408  RESTRAINT  =        0.0126
 EAMBER  =     -812.2282
 NMR restraints: Bond =    0.011   Angle =     0.000   Torsion =     0.000
===============================================================================


   NSTEP       ENERGY          RMS            GMAX         NAME    NUMBER
   1500      -8.1222E+02     4.6853E-01     1.6092E+00     H10        35

 BOND    =        1.1159  ANGLE   =      107.7360  DIHED      =       51.4821
 VDWAALS =      -48.9531  EEL     =     1337.1674  EGB        =     -133.8501
 1-4 VDW =        5.2184  1-4 EEL =    -2132.1448  RESTRAINT  =        0.0126
 EAMBER  =     -812.2283
 NMR restraints: Bond =    0.011   Angle =     0.000   Torsion =     0.000
===============================================================================


   NSTEP       ENERGY          RMS            GMAX         NAME    NUMBER
   2000      -8.1222E+02     4.6852E-01     1.6092E+00     H10        35

 BOND    =        1.1161  ANGLE   =      107.7362  DIHED      =       51.4819
 VDWAALS =      -48.9536  EEL     =     1337.1728  EGB        =     -133.8515
 1-4 VDW =        5.2187  1-4 EEL =    -2132.1488  RESTRAINT  =        0.0126
 EAMBER  =     -812.2283
 NMR restraints: Bond =    0.011   Angle =     0.000   Torsion =     0.000
===============================================================================


   NSTEP       ENERGY          RMS            GMAX         NAME    NUMBER
   2500      -8.1222E+02     4.6851E-01     1.6092E+00     H10        35

 BOND    =        1.1163  ANGLE   =      107.7362  DIHED      =       51.4817
 VDWAALS =      -48.9541  EEL     =     1337.1779  EGB        =     -133.8526
 1-4 VDW =        5.2189  1-4 EEL =    -2132.1526  RESTRAINT  =        0.0126
 EAMBER  =     -812.2283
 NMR restraints: Bond =    0.011   Angle =     0.000   Torsion =     0.000
===============================================================================


   NSTEP       ENERGY          RMS            GMAX         NAME    NUMBER
   3000      -8.1222E+02     4.6851E-01     1.6092E+00     H10        35

 BOND    =        1.1165  ANGLE   =      107.7363  DIHED      =       51.4814
 VDWAALS =      -48.9547  EEL     =     1337.1836  EGB        =     -133.8540
 1-4 VDW =        5.2192  1-4 EEL =    -2132.1566  RESTRAINT  =        0.0126
 EAMBER  =     -812.2282
 NMR restraints: Bond =    0.011   Angle =     0.000   Torsion =     0.000
===============================================================================


   NSTEP       ENERGY          RMS            GMAX         NAME    NUMBER
   3500      -8.1222E+02     4.6850E-01     1.6092E+00     H10        35

 BOND    =        1.1167  ANGLE   =      107.7364  DIHED      =       51.4812
 VDWAALS =      -48.9551  EEL     =     1337.1886  EGB        =     -133.8552
 1-4 VDW =        5.2194  1-4 EEL =    -2132.1602  RESTRAINT  =        0.0126
 EAMBER  =     -812.2283
 NMR restraints: Bond =    0.011   Angle =     0.000   Torsion =     0.000
===============================================================================


   NSTEP       ENERGY          RMS            GMAX         NAME    NUMBER
   4000      -8.1222E+02     4.6849E-01     1.6092E+00     H10        35

 BOND    =        1.1169  ANGLE   =      107.7365  DIHED      =       51.4810
 VDWAALS =      -48.9557  EEL     =     1337.1941  EGB        =     -133.8565
 1-4 VDW =        5.2197  1-4 EEL =    -2132.1641  RESTRAINT  =        0.0126
 EAMBER  =     -812.2282
 NMR restraints: Bond =    0.011   Angle =     0.000   Torsion =     0.000
===============================================================================


   NSTEP       ENERGY          RMS            GMAX         NAME    NUMBER
   4500      -8.1222E+02     4.6848E-01     1.6092E+00     H10        35

 BOND    =        1.1171  ANGLE   =      107.7366  DIHED      =       51.4808
 VDWAALS =      -48.9562  EEL     =     1337.1995  EGB        =     -133.8578
 1-4 VDW =        5.2199  1-4 EEL =    -2132.1681  RESTRAINT  =        0.0126
 EAMBER  =     -812.2282
 NMR restraints: Bond =    0.011   Angle =     0.000   Torsion =     0.000
===============================================================================


   NSTEP       ENERGY          RMS            GMAX         NAME    NUMBER
   5000      -8.1222E+02     4.6847E-01     1.6092E+00     H10        35

 BOND    =        1.1172  ANGLE   =      107.7367  DIHED      =       51.4805
 VDWAALS =      -48.9567  EEL     =     1337.2047  EGB        =     -133.8590
 1-4 VDW =        5.2202  1-4 EEL =    -2132.1718  RESTRAINT  =        0.0126
 EAMBER  =     -812.2282
 NMR restraints: Bond =    0.011   Angle =     0.000   Torsion =     0.000
===============================================================================


  Maximum number of minimization cycles reached.


                    FINAL RESULTS



   NSTEP       ENERGY          RMS            GMAX         NAME    NUMBER
   5000      -8.1222E+02     4.6847E-01     1.6092E+00     H10        35

 BOND    =        1.1172  ANGLE   =      107.7367  DIHED      =       51.4805
 VDWAALS =      -48.9567  EEL     =     1337.2047  EGB        =     -133.8590
 1-4 VDW =        5.2202  1-4 EEL =    -2132.1718  RESTRAINT  =        0.0126
 EAMBER  =     -812.2282
 NMR restraints: Bond =    0.011   Angle =     0.000   Torsion =     0.000
===============================================================================
 ------------------------------------------------------------------------------


 Final Restraint Analysis for coords: minimize.rst7                           


 Restraints, deviations, and energy contributions:    pencut =   -1.00

 ------------------------------------------------------------------------------
     First atom        Last atom    curr. value target deviation  penalty
 ------------------------------------------------------------------------------
  DUM  DM1    3 --  C7   CB6    1:    9.306    9.302    0.005    0.000 d    0: 0
  DUM  DM2    4 --  C7   CB6    1:  147.404  147.398    0.007    0.000 a
  DUM  DM2    4 --  DUM  DM1    3:   49.472   49.483    0.011    0.000 t
  DUM  DM1    3 --  C31  CB6    1:   62.017   62.003    0.015    0.000 a
  DUM  DM1    3 --  C7   CB6    1: -146.194 -146.178    0.016    0.000 t
  C7   CB6    1 --  C31  CB6    1:  -72.555  -72.548    0.007    0.000 t
  DUM  DM1    3 --  C    BUT    2:   13.365   13.412    0.047    0.011 d    0: 0
  DUM  DM2    4 --  C    BUT    2:  179.994  180.000    0.006    0.000 a
  DUM  DM1    3 --  C3   BUT    2:  179.909  180.000    0.091    0.000 a
                                       Total distance penalty:      0.011
                                       Total angle    penalty:      0.000
                                       Total torsion  penalty:      0.000
|                               RMS deviation from ideal bonds :      0.0094
|                               RMS deviation from ideal angles:      4.471
 ------------------------------------------------------------------------------

--------------------------------------------------------------------------------
   5.  TIMINGS
--------------------------------------------------------------------------------

|                Calc gb radii              2.17 (21.53% of Gen B)
|                Calc gb diag               3.93 (38.99% of Gen B)
|                Calc gb off-diag           3.98 (39.46% of Gen B)
|                Other                      0.00 ( 0.02% of Gen B)
|             Gen Born time             10.08 (100.0% of Nonbo)
|          Nonbond force             10.08 (90.35% of Force)
|          Bond/Angle/Dihedral        1.04 ( 9.35% of Force)
|          Other                      0.03 ( 0.30% of Force)
|       Force time                11.16 (100.0% of Runmd)
|    Runmd Time                11.16 (99.81% of Total)
|    Other                      0.02 ( 0.19% of Total)
| Total time                11.18 (100.0% of ALL  )

| Number of list builds   :          0

| Highest rstack allocated:          0
| Highest istack allocated:          0
|           Job began  at 18:23:39.628  on 04/10/2019
|           Setup done at 18:23:39.633  on 04/10/2019
|           Run   done at 18:23:50.810  on 04/10/2019
|     wallclock() was called   90028 times

|3D-RISM memory allocation summary
|Type          Maximum        Current   
|Integer       0.00000 GB     0.00000 GB
|Real          0.00000 GB     0.00000 GB
|Logical       0.00000 GB     0.00000 GB
|Character     0.00000 GB     0.00000 GB
|---------------------------------------
|Total         0.00000 GB     0.00000 GB
