
          -------------------------------------------------------
          Amber 18 SANDER                              2018
          -------------------------------------------------------

| Run on 04/10/2019 at 18:35:16

|   Executable path: sander
| Working directory: /home/jlomibao/pAPRika_fork/pAPRika/test/windows_apr/p013
|          Hostname: entropy.ucsd.edu

  [-O]verwriting output

File Assignments:
|  MDIN: minimize.in                                                           
| MDOUT: minimize.out                                                          
|INPCRD: cb6-but-dum.rst7                                                      
|  PARM: cb6-but-dum.prmtop                                                    
|RESTRT: minimize.rst7                                                         
|  REFC: cb6-but-dum.rst7                                                      
| MDVEL: mdvel                                                                 
| MDFRC: mdfrc                                                                 
|  MDEN: minimize.mden                                                         
| MDCRD: minimize.nc                                                           
|MDINFO: minimize.mdinfo                                                       
|  MTMD: mtmd                                                                  
|INPDIP: inpdip                                                                
|RSTDIP: rstdip                                                                
|INPTRA: inptraj                                                               


 Here is the input file:

PBC MD Simulation                                                              
 &cntrl                                                                        
  imin =          1,                                                           
  ntx =           1,                                                           
  irest =         0,                                                           
  maxcyc =        5000,                                                        
  ncyc =          5000,                                                        
  dt =            0.002,                                                       
  nstlim =        5000,                                                        
  ntpr =          500,                                                         
  ntwe =          500,                                                         
  ntwr =          5000,                                                        
  ntwx =          500,                                                         
  ntxo =          1,                                                           
  ioutfm =        1,                                                           
  ntf =           2,                                                           
  ntc =           2,                                                           
  cut =           999.0,                                                       
  igb =           1,                                                           
  tempi =         298.15,                                                      
  temp0 =         298.15,                                                      
  ntt =           3,                                                           
  gamma_ln =      1.0,                                                         
  ig =            -1,                                                          
  ntp =           0,                                                           
  barostat =      2,                                                           
  ntr =           1,                                                           
  restraint_wt =  50.0,                                                        
  restraintmask = '@DUM',                                                      
  nmropt =        1,                                                           
  pencut =        -1,                                                          
  ntb =           0,                                                           
 /                                                                             
 &wt type = 'END', /                                                           
DISANG = rest.in                                                               
LISTOUT = POUT                                                                 
                                                                               

--------------------------------------------------------------------------------
   1.  RESOURCE   USE: 
--------------------------------------------------------------------------------

| Flags:                                                                        
| New format PARM file being parsed.
| Version =    1.000 Date = 01/16/19 Time = 17:42:13
 NATOM  =     125 NTYPES =       7 NBONH =      46 MBONA  =      93
 NTHETH =     118 MTHETA =     158 NPHIH =     200 MPHIA  =     375
 NHPARM =       0 NPARM  =       0 NNB   =     836 NRES   =       5
 NBONA  =      93 NTHETA =     158 NPHIA =     375 NUMBND =       6
 NUMANG =      12 NPTRA  =      13 NATYP =       7 NPHB   =       0
 IFBOX  =       0 NMXRS  =     108 IFCAP =       0 NEXTRA =       0
 NCOPY  =       0

 Implicit solvent radii are modified Bondi radii (mbondi)                                                   

|     Memory Use     Allocated
|     Real               14705
|     Hollerith            382
|     Integer            27997
|     Max Pairs              1
|     nblistReal             0
|     nblist Int             0
|       Total              225 kbytes

| Note: 1-4 EEL scale factors are being read from the topology file.

| Note: 1-4 VDW scale factors are being read from the topology file.
| Duplicated    0 dihedrals
| Duplicated    0 dihedrals
Note: ig = -1. Setting random seed to   569510 based on wallclock time in microseconds.

--------------------------------------------------------------------------------
   2.  CONTROL  DATA  FOR  THE  RUN
--------------------------------------------------------------------------------

default_name                                                                    

General flags:
     imin    =       1, nmropt  =       1

Nature and format of input:
     ntx     =       1, irest   =       0, ntrx    =       1

Nature and format of output:
     ntxo    =       1, ntpr    =     500, ntrx    =       1, ntwr    =    5000
     iwrap   =       0, ntwx    =     500, ntwv    =       0, ntwe    =     500
     ioutfm  =       1, ntwprt  =       0, idecomp =       0, rbornstat=      0

Potential function:
     ntf     =       2, ntb     =       0, igb     =       1, nsnb    =      25
     ipol    =       0, gbsa    =       0, iesp    =       0
     dielc   =   1.00000, cut     = 999.00000, intdiel =   1.00000
     saltcon =   0.00000, offset  =   0.09000, gbalpha=    1.00000
     gbbeta  =   0.00000, gbgamma =   0.00000, surften =   0.00500
     rdt     =   0.00000, rgbmax  =  25.00000  extdiel =  78.50000
     alpb  =        0

Frozen or restrained atoms:
     ibelly  =       0, ntr     =       1
     restraint_wt =  50.00000

Energy minimization:
     maxcyc  =    5000, ncyc    =    5000, ntmin   =       1
     dx0     =   0.01000, drms    =   0.00010

SHAKE:
     ntc     =       2, jfastw  =       0
     tol     =   0.00001

NMR refinement options:
     iscale  =       0, noeskp  =       1, ipnlty  =       1, mxsub   =       1
     scalm   = 100.00000, pencut  =  -1.00000, tausw   =   0.10000
|  INFO: Old style inpcrd file read


    LOADING THE CONSTRAINED ATOMS AS GROUPS


   5.  REFERENCE ATOM COORDINATES

      
     Mask @DUM; matches     3 atoms

--------------------------------------------------------------------------------
   3.  ATOMIC COORDINATES AND VELOCITIES
--------------------------------------------------------------------------------

                                                                                
 begin time read from input coords =     0.000 ps



           Begin reading energy term weight changes/NMR restraints
 WEIGHT CHANGES:
                         ** No weight changes given **

 RESTRAINTS:
 Requested file redirections:
  DISANG    = rest.in
  LISTOUT   = POUT
 Restraints will be read from file: rest.in
Here are comments from the DISANG input file:

                       Number of restraints read =     9

                  Done reading weight changes/NMR restraints


 Number of triangulated 3-point waters found:        0

--------------------------------------------------------------------------------
   4.  RESULTS
--------------------------------------------------------------------------------



   NSTEP       ENERGY          RMS            GMAX         NAME    NUMBER
      1      -7.9697E+02     1.0074E+01     2.4799E+01     N3          8

 BOND    =       11.0328  ANGLE   =      109.3438  DIHED      =       52.9822
 VDWAALS =      -45.7093  EEL     =     1326.5914  EGB        =     -129.5523
 1-4 VDW =        5.8710  1-4 EEL =    -2127.5276  RESTRAINT  =        0.0000
 EAMBER  =     -796.9680
 NMR restraints: Bond =    0.000   Angle =     0.000   Torsion =     0.000
===============================================================================


   NSTEP       ENERGY          RMS            GMAX         NAME    NUMBER
    500      -8.1128E+02     4.6905E-01     1.5986E+00     H34       107

 BOND    =        1.1083  ANGLE   =      107.7344  DIHED      =       51.4550
 VDWAALS =      -46.2772  EEL     =     1337.4975  EGB        =     -135.8441
 1-4 VDW =        5.2090  1-4 EEL =    -2132.1742  RESTRAINT  =        0.0097
 EAMBER  =     -811.2915
 NMR restraints: Bond =    0.008   Angle =     0.000   Torsion =     0.000
===============================================================================


   NSTEP       ENERGY          RMS            GMAX         NAME    NUMBER
   1000      -8.1128E+02     4.6905E-01     1.5986E+00     H34       107

 BOND    =        1.1084  ANGLE   =      107.7345  DIHED      =       51.4547
 VDWAALS =      -46.2777  EEL     =     1337.5029  EGB        =     -135.8455
 1-4 VDW =        5.2093  1-4 EEL =    -2132.1780  RESTRAINT  =        0.0097
 EAMBER  =     -811.2914
 NMR restraints: Bond =    0.008   Angle =     0.000   Torsion =     0.000
===============================================================================


   NSTEP       ENERGY          RMS            GMAX         NAME    NUMBER
   1500      -8.1128E+02     4.6904E-01     1.5986E+00     H34       107

 BOND    =        1.1086  ANGLE   =      107.7345  DIHED      =       51.4545
 VDWAALS =      -46.2782  EEL     =     1337.5089  EGB        =     -135.8470
 1-4 VDW =        5.2095  1-4 EEL =    -2132.1823  RESTRAINT  =        0.0097
 EAMBER  =     -811.2914
 NMR restraints: Bond =    0.008   Angle =     0.000   Torsion =     0.000
===============================================================================


   NSTEP       ENERGY          RMS            GMAX         NAME    NUMBER
   2000      -8.1128E+02     4.6903E-01     1.5986E+00     H34       107

 BOND    =        1.1088  ANGLE   =      107.7346  DIHED      =       51.4542
 VDWAALS =      -46.2787  EEL     =     1337.5147  EGB        =     -135.8485
 1-4 VDW =        5.2098  1-4 EEL =    -2132.1864  RESTRAINT  =        0.0097
 EAMBER  =     -811.2914
 NMR restraints: Bond =    0.008   Angle =     0.000   Torsion =     0.000
===============================================================================


   NSTEP       ENERGY          RMS            GMAX         NAME    NUMBER
   2500      -8.1128E+02     4.6902E-01     1.5986E+00     H34       107

 BOND    =        1.1090  ANGLE   =      107.7348  DIHED      =       51.4540
 VDWAALS =      -46.2792  EEL     =     1337.5206  EGB        =     -135.8499
 1-4 VDW =        5.2100  1-4 EEL =    -2132.1907  RESTRAINT  =        0.0097
 EAMBER  =     -811.2914
 NMR restraints: Bond =    0.008   Angle =     0.000   Torsion =     0.000
===============================================================================


   NSTEP       ENERGY          RMS            GMAX         NAME    NUMBER
   3000      -8.1128E+02     4.6901E-01     1.5986E+00     H34       107

 BOND    =        1.1092  ANGLE   =      107.7348  DIHED      =       51.4538
 VDWAALS =      -46.2797  EEL     =     1337.5261  EGB        =     -135.8514
 1-4 VDW =        5.2103  1-4 EEL =    -2132.1945  RESTRAINT  =        0.0097
 EAMBER  =     -811.2913
 NMR restraints: Bond =    0.008   Angle =     0.000   Torsion =     0.000
===============================================================================


   NSTEP       ENERGY          RMS            GMAX         NAME    NUMBER
   3500      -8.1128E+02     4.6900E-01     1.5987E+00     H34       107

 BOND    =        1.1094  ANGLE   =      107.7350  DIHED      =       51.4535
 VDWAALS =      -46.2801  EEL     =     1337.5320  EGB        =     -135.8528
 1-4 VDW =        5.2105  1-4 EEL =    -2132.1989  RESTRAINT  =        0.0097
 EAMBER  =     -811.2915
 NMR restraints: Bond =    0.008   Angle =     0.000   Torsion =     0.000
===============================================================================


   NSTEP       ENERGY          RMS            GMAX         NAME    NUMBER
   4000      -8.1128E+02     4.6899E-01     1.5987E+00     H34       107

 BOND    =        1.1096  ANGLE   =      107.7350  DIHED      =       51.4533
 VDWAALS =      -46.2806  EEL     =     1337.5372  EGB        =     -135.8542
 1-4 VDW =        5.2108  1-4 EEL =    -2132.2025  RESTRAINT  =        0.0097
 EAMBER  =     -811.2913
 NMR restraints: Bond =    0.008   Angle =     0.000   Torsion =     0.000
===============================================================================


   NSTEP       ENERGY          RMS            GMAX         NAME    NUMBER
   4500      -8.1128E+02     4.6898E-01     1.5987E+00     H34       107

 BOND    =        1.1098  ANGLE   =      107.7351  DIHED      =       51.4530
 VDWAALS =      -46.2811  EEL     =     1337.5431  EGB        =     -135.8556
 1-4 VDW =        5.2111  1-4 EEL =    -2132.2067  RESTRAINT  =        0.0097
 EAMBER  =     -811.2913
 NMR restraints: Bond =    0.008   Angle =     0.000   Torsion =     0.000
===============================================================================


   NSTEP       ENERGY          RMS            GMAX         NAME    NUMBER
   5000      -8.1128E+02     4.6897E-01     1.5987E+00     H34       107

 BOND    =        1.1100  ANGLE   =      107.7352  DIHED      =       51.4528
 VDWAALS =      -46.2816  EEL     =     1337.5492  EGB        =     -135.8571
 1-4 VDW =        5.2113  1-4 EEL =    -2132.2112  RESTRAINT  =        0.0097
 EAMBER  =     -811.2914
 NMR restraints: Bond =    0.008   Angle =     0.000   Torsion =     0.000
===============================================================================


  Maximum number of minimization cycles reached.


                    FINAL RESULTS



   NSTEP       ENERGY          RMS            GMAX         NAME    NUMBER
   5000      -8.1128E+02     4.6897E-01     1.5987E+00     H34       107

 BOND    =        1.1100  ANGLE   =      107.7352  DIHED      =       51.4528
 VDWAALS =      -46.2816  EEL     =     1337.5492  EGB        =     -135.8571
 1-4 VDW =        5.2113  1-4 EEL =    -2132.2112  RESTRAINT  =        0.0097
 EAMBER  =     -811.2914
 NMR restraints: Bond =    0.008   Angle =     0.000   Torsion =     0.000
===============================================================================
 ------------------------------------------------------------------------------


 Final Restraint Analysis for coords: minimize.rst7                           


 Restraints, deviations, and energy contributions:    pencut =   -1.00

 ------------------------------------------------------------------------------
     First atom        Last atom    curr. value target deviation  penalty
 ------------------------------------------------------------------------------
  DUM  DM1    3 --  C7   CB6    1:    9.306    9.302    0.004    0.000 d    0: 0
  DUM  DM2    4 --  C7   CB6    1:  147.399  147.398    0.001    0.000 a
  DUM  DM2    4 --  DUM  DM1    3:   49.472   49.483    0.011    0.000 t
  DUM  DM1    3 --  C31  CB6    1:   62.011   62.003    0.009    0.000 a
  DUM  DM1    3 --  C7   CB6    1: -146.193 -146.178    0.015    0.000 t
  C7   CB6    1 --  C31  CB6    1:  -72.551  -72.548    0.003    0.000 t
  DUM  DM1    3 --  C    BUT    2:   19.724   19.765    0.041    0.008 d    0: 0
  DUM  DM2    4 --  C    BUT    2:  179.995  180.000    0.005    0.000 a
  DUM  DM1    3 --  C3   BUT    2:  179.887  180.000    0.113    0.000 a
                                       Total distance penalty:      0.008
                                       Total angle    penalty:      0.000
                                       Total torsion  penalty:      0.000
|                               RMS deviation from ideal bonds :      0.0094
|                               RMS deviation from ideal angles:      4.472
 ------------------------------------------------------------------------------

--------------------------------------------------------------------------------
   5.  TIMINGS
--------------------------------------------------------------------------------

|                Calc gb radii              2.24 (21.48% of Gen B)
|                Calc gb diag               4.07 (38.93% of Gen B)
|                Calc gb off-diag           4.13 (39.56% of Gen B)
|                Other                      0.00 ( 0.03% of Gen B)
|             Gen Born time             10.45 (100.0% of Nonbo)
|          Nonbond force             10.45 (90.34% of Force)
|          Bond/Angle/Dihedral        1.08 ( 9.35% of Force)
|          Other                      0.04 ( 0.31% of Force)
|       Force time                11.57 (100.0% of Runmd)
|    Runmd Time                11.57 (99.81% of Total)
|    Other                      0.02 ( 0.19% of Total)
| Total time                11.59 (100.0% of ALL  )

| Number of list builds   :          0

| Highest rstack allocated:          0
| Highest istack allocated:          0
|           Job began  at 18:35:16.566  on 04/10/2019
|           Setup done at 18:35:16.571  on 04/10/2019
|           Run   done at 18:35:28.154  on 04/10/2019
|     wallclock() was called   90028 times

|3D-RISM memory allocation summary
|Type          Maximum        Current   
|Integer       0.00000 GB     0.00000 GB
|Real          0.00000 GB     0.00000 GB
|Logical       0.00000 GB     0.00000 GB
|Character     0.00000 GB     0.00000 GB
|---------------------------------------
|Total         0.00000 GB     0.00000 GB
