
          -------------------------------------------------------
          Amber 18 SANDER                              2018
          -------------------------------------------------------

| Run on 04/10/2019 at 18:05:25

|   Executable path: sander
| Working directory: /home/jlomibao/pAPRika_fork/pAPRika/test/windows_apr/a009
|          Hostname: entropy.ucsd.edu

  [-O]verwriting output

File Assignments:
|  MDIN: minimize.in                                                           
| MDOUT: minimize.out                                                          
|INPCRD: cb6-but-dum.rst7                                                      
|  PARM: cb6-but-dum.prmtop                                                    
|RESTRT: minimize.rst7                                                         
|  REFC: cb6-but-dum.rst7                                                      
| MDVEL: mdvel                                                                 
| MDFRC: mdfrc                                                                 
|  MDEN: minimize.mden                                                         
| MDCRD: minimize.nc                                                           
|MDINFO: minimize.mdinfo                                                       
|  MTMD: mtmd                                                                  
|INPDIP: inpdip                                                                
|RSTDIP: rstdip                                                                
|INPTRA: inptraj                                                               


 Here is the input file:

PBC MD Simulation                                                              
 &cntrl                                                                        
  imin =          1,                                                           
  ntx =           1,                                                           
  irest =         0,                                                           
  maxcyc =        5000,                                                        
  ncyc =          5000,                                                        
  dt =            0.002,                                                       
  nstlim =        5000,                                                        
  ntpr =          500,                                                         
  ntwe =          500,                                                         
  ntwr =          5000,                                                        
  ntwx =          500,                                                         
  ntxo =          1,                                                           
  ioutfm =        1,                                                           
  ntf =           2,                                                           
  ntc =           2,                                                           
  cut =           999.0,                                                       
  igb =           1,                                                           
  tempi =         298.15,                                                      
  temp0 =         298.15,                                                      
  ntt =           3,                                                           
  gamma_ln =      1.0,                                                         
  ig =            -1,                                                          
  ntp =           0,                                                           
  barostat =      2,                                                           
  ntr =           1,                                                           
  restraint_wt =  50.0,                                                        
  restraintmask = '@DUM',                                                      
  nmropt =        1,                                                           
  pencut =        -1,                                                          
  ntb =           0,                                                           
 /                                                                             
 &wt type = 'END', /                                                           
DISANG = rest.in                                                               
LISTOUT = POUT                                                                 
                                                                               

--------------------------------------------------------------------------------
   1.  RESOURCE   USE: 
--------------------------------------------------------------------------------

| Flags:                                                                        
| New format PARM file being parsed.
| Version =    1.000 Date = 01/16/19 Time = 17:42:13
 NATOM  =     125 NTYPES =       7 NBONH =      46 MBONA  =      93
 NTHETH =     118 MTHETA =     158 NPHIH =     200 MPHIA  =     375
 NHPARM =       0 NPARM  =       0 NNB   =     836 NRES   =       5
 NBONA  =      93 NTHETA =     158 NPHIA =     375 NUMBND =       6
 NUMANG =      12 NPTRA  =      13 NATYP =       7 NPHB   =       0
 IFBOX  =       0 NMXRS  =     108 IFCAP =       0 NEXTRA =       0
 NCOPY  =       0

 Implicit solvent radii are modified Bondi radii (mbondi)                                                   

|     Memory Use     Allocated
|     Real               14705
|     Hollerith            382
|     Integer            27997
|     Max Pairs              1
|     nblistReal             0
|     nblist Int             0
|       Total              225 kbytes

| Note: 1-4 EEL scale factors are being read from the topology file.

| Note: 1-4 VDW scale factors are being read from the topology file.
| Duplicated    0 dihedrals
| Duplicated    0 dihedrals
Note: ig = -1. Setting random seed to   212386 based on wallclock time in microseconds.

--------------------------------------------------------------------------------
   2.  CONTROL  DATA  FOR  THE  RUN
--------------------------------------------------------------------------------

default_name                                                                    

General flags:
     imin    =       1, nmropt  =       1

Nature and format of input:
     ntx     =       1, irest   =       0, ntrx    =       1

Nature and format of output:
     ntxo    =       1, ntpr    =     500, ntrx    =       1, ntwr    =    5000
     iwrap   =       0, ntwx    =     500, ntwv    =       0, ntwe    =     500
     ioutfm  =       1, ntwprt  =       0, idecomp =       0, rbornstat=      0

Potential function:
     ntf     =       2, ntb     =       0, igb     =       1, nsnb    =      25
     ipol    =       0, gbsa    =       0, iesp    =       0
     dielc   =   1.00000, cut     = 999.00000, intdiel =   1.00000
     saltcon =   0.00000, offset  =   0.09000, gbalpha=    1.00000
     gbbeta  =   0.00000, gbgamma =   0.00000, surften =   0.00500
     rdt     =   0.00000, rgbmax  =  25.00000  extdiel =  78.50000
     alpb  =        0

Frozen or restrained atoms:
     ibelly  =       0, ntr     =       1
     restraint_wt =  50.00000

Energy minimization:
     maxcyc  =    5000, ncyc    =    5000, ntmin   =       1
     dx0     =   0.01000, drms    =   0.00010

SHAKE:
     ntc     =       2, jfastw  =       0
     tol     =   0.00001

NMR refinement options:
     iscale  =       0, noeskp  =       1, ipnlty  =       1, mxsub   =       1
     scalm   = 100.00000, pencut  =  -1.00000, tausw   =   0.10000
|  INFO: Old style inpcrd file read


    LOADING THE CONSTRAINED ATOMS AS GROUPS


   5.  REFERENCE ATOM COORDINATES

  defa
     Mask @DUM; matches     3 atoms

--------------------------------------------------------------------------------
   3.  ATOMIC COORDINATES AND VELOCITIES
--------------------------------------------------------------------------------

default_name                                                                    
 begin time read from input coords =     0.000 ps



           Begin reading energy term weight changes/NMR restraints
 WEIGHT CHANGES:
                         ** No weight changes given **

 RESTRAINTS:
 Requested file redirections:
  DISANG    = rest.in
  LISTOUT   = POUT
 Restraints will be read from file: rest.in
Here are comments from the DISANG input file:

                       Number of restraints read =     9

                  Done reading weight changes/NMR restraints


 Number of triangulated 3-point waters found:        0

--------------------------------------------------------------------------------
   4.  RESULTS
--------------------------------------------------------------------------------



   NSTEP       ENERGY          RMS            GMAX         NAME    NUMBER
      1      -8.1356E+02     1.0057E+01     2.4770E+01     N12        57

 BOND    =       11.0328  ANGLE   =      109.3438  DIHED      =       52.9822
 VDWAALS =      -67.7110  EEL     =     1326.2731  EGB        =     -123.8292
 1-4 VDW =        5.8710  1-4 EEL =    -2127.5276  RESTRAINT  =        0.0000
 EAMBER  =     -813.5649
 NMR restraints: Bond =    0.000   Angle =     0.000   Torsion =     0.000
===============================================================================


   NSTEP       ENERGY          RMS            GMAX         NAME    NUMBER
    500      -8.2743E+02     4.9770E-01     1.6665E+00     H7        120

 BOND    =        1.2509  ANGLE   =      107.5594  DIHED      =       52.5873
 VDWAALS =      -68.4400  EEL     =     1332.0567  EGB        =     -127.3775
 1-4 VDW =        5.4825  1-4 EEL =    -2130.5545  RESTRAINT  =        0.0065
 EAMBER  =     -827.4354
 NMR restraints: Bond =    0.002   Angle =     0.004   Torsion =     0.000
===============================================================================


   NSTEP       ENERGY          RMS            GMAX         NAME    NUMBER
   1000      -8.2745E+02     4.9334E-01     1.5808E+00     H32       105

 BOND    =        1.2572  ANGLE   =      107.5467  DIHED      =       52.6127
 VDWAALS =      -68.5308  EEL     =     1332.3069  EGB        =     -127.4154
 1-4 VDW =        5.5041  1-4 EEL =    -2130.7471  RESTRAINT  =        0.0111
 EAMBER  =     -827.4656
 NMR restraints: Bond =    0.003   Angle =     0.008   Torsion =     0.000
===============================================================================


   NSTEP       ENERGY          RMS            GMAX         NAME    NUMBER
   1500      -8.2747E+02     4.9677E-01     1.5807E+00     H32       105

 BOND    =        1.2502  ANGLE   =      107.5450  DIHED      =       52.6137
 VDWAALS =      -68.5576  EEL     =     1332.3488  EGB        =     -127.4063
 1-4 VDW =        5.5100  1-4 EEL =    -2130.7888  RESTRAINT  =        0.0137
 EAMBER  =     -827.4850
 NMR restraints: Bond =    0.003   Angle =     0.010   Torsion =     0.000
===============================================================================


   NSTEP       ENERGY          RMS            GMAX         NAME    NUMBER
   2000      -8.2748E+02     4.9085E-01     1.5808E+00     H32       105

 BOND    =        1.2635  ANGLE   =      107.5421  DIHED      =       52.6141
 VDWAALS =      -68.5729  EEL     =     1332.3972  EGB        =     -127.4349
 1-4 VDW =        5.5095  1-4 EEL =    -2130.8167  RESTRAINT  =        0.0155
 EAMBER  =     -827.4982
 NMR restraints: Bond =    0.003   Angle =     0.011   Torsion =     0.001
===============================================================================


   NSTEP       ENERGY          RMS            GMAX         NAME    NUMBER
   2500      -8.2749E+02     4.9031E-01     1.5809E+00     H32       105

 BOND    =        1.2640  ANGLE   =      107.5410  DIHED      =       52.6150
 VDWAALS =      -68.5836  EEL     =     1332.4127  EGB        =     -127.4361
 1-4 VDW =        5.5107  1-4 EEL =    -2130.8309  RESTRAINT  =        0.0170
 EAMBER  =     -827.5072
 NMR restraints: Bond =    0.004   Angle =     0.012   Torsion =     0.001
===============================================================================


   NSTEP       ENERGY          RMS            GMAX         NAME    NUMBER
   3000      -8.2749E+02     5.1456E-01     1.5811E+00     H32       105

 BOND    =        1.2931  ANGLE   =      107.5370  DIHED      =       52.6167
 VDWAALS =      -68.5914  EEL     =     1332.4717  EGB        =     -127.4922
 1-4 VDW =        5.5065  1-4 EEL =    -2130.8534  RESTRAINT  =        0.0182
 EAMBER  =     -827.5119
 NMR restraints: Bond =    0.004   Angle =     0.013   Torsion =     0.001
===============================================================================


   NSTEP       ENERGY          RMS            GMAX         NAME    NUMBER
   3500      -8.2750E+02     4.8971E-01     1.5810E+00     H32       105

 BOND    =        1.2644  ANGLE   =      107.5396  DIHED      =       52.6172
 VDWAALS =      -68.5953  EEL     =     1332.4265  EGB        =     -127.4359
 1-4 VDW =        5.5120  1-4 EEL =    -2130.8448  RESTRAINT  =        0.0190
 EAMBER  =     -827.5163
 NMR restraints: Bond =    0.004   Angle =     0.013   Torsion =     0.001
===============================================================================


   NSTEP       ENERGY          RMS            GMAX         NAME    NUMBER
   4000      -8.2750E+02     4.8971E-01     1.5810E+00     H32       105

 BOND    =        1.2644  ANGLE   =      107.5396  DIHED      =       52.6172
 VDWAALS =      -68.5953  EEL     =     1332.4267  EGB        =     -127.4359
 1-4 VDW =        5.5120  1-4 EEL =    -2130.8451  RESTRAINT  =        0.0190
 EAMBER  =     -827.5164
 NMR restraints: Bond =    0.004   Angle =     0.013   Torsion =     0.001
===============================================================================


   NSTEP       ENERGY          RMS            GMAX         NAME    NUMBER
   4500      -8.2750E+02     4.8971E-01     1.5810E+00     H32       105

 BOND    =        1.2644  ANGLE   =      107.5396  DIHED      =       52.6172
 VDWAALS =      -68.5953  EEL     =     1332.4267  EGB        =     -127.4359
 1-4 VDW =        5.5120  1-4 EEL =    -2130.8450  RESTRAINT  =        0.0190
 EAMBER  =     -827.5164
 NMR restraints: Bond =    0.004   Angle =     0.013   Torsion =     0.001
===============================================================================


   NSTEP       ENERGY          RMS            GMAX         NAME    NUMBER
   5000      -8.2750E+02     4.8971E-01     1.5810E+00     H32       105

 BOND    =        1.2644  ANGLE   =      107.5396  DIHED      =       52.6172
 VDWAALS =      -68.5953  EEL     =     1332.4267  EGB        =     -127.4359
 1-4 VDW =        5.5120  1-4 EEL =    -2130.8451  RESTRAINT  =        0.0190
 EAMBER  =     -827.5165
 NMR restraints: Bond =    0.004   Angle =     0.013   Torsion =     0.001
===============================================================================


  Maximum number of minimization cycles reached.


                    FINAL RESULTS



   NSTEP       ENERGY          RMS            GMAX         NAME    NUMBER
   5000      -8.2750E+02     4.8971E-01     1.5810E+00     H32       105

 BOND    =        1.2644  ANGLE   =      107.5396  DIHED      =       52.6172
 VDWAALS =      -68.5953  EEL     =     1332.4267  EGB        =     -127.4359
 1-4 VDW =        5.5120  1-4 EEL =    -2130.8451  RESTRAINT  =        0.0190
 EAMBER  =     -827.5165
 NMR restraints: Bond =    0.004   Angle =     0.013   Torsion =     0.001
===============================================================================
 ------------------------------------------------------------------------------


 Final Restraint Analysis for coords: minimize.rst7                           


 Restraints, deviations, and energy contributions:    pencut =   -1.00

 ------------------------------------------------------------------------------
     First atom        Last atom    curr. value target deviation  penalty
 ------------------------------------------------------------------------------
  DUM  DM1    3 --  C7   CB6    1:    9.304    9.302    0.003    0.000 d    0: 0
  DUM  DM2    4 --  C7   CB6    1:  147.268  147.398    0.129    0.001 a
  DUM  DM2    4 --  DUM  DM1    3:   49.490   49.483    0.007    0.000 t
  DUM  DM1    3 --  C31  CB6    1:   61.996   62.003    0.006    0.000 a
  DUM  DM1    3 --  C7   CB6    1: -146.054 -146.178    0.124    0.000 t
  C7   CB6    1 --  C31  CB6    1:  -72.723  -72.548    0.175    0.001 t
  DUM  DM1    3 --  C    BUT    2:    5.931    6.000    0.069    0.004 d    0: 0
  DUM  DM2    4 --  C    BUT    2:  179.355  180.000    0.645    0.002 a
  DUM  DM1    3 --  C3   BUT    2:  178.638  180.000    1.362    0.010 a
                                       Total distance penalty:      0.004
                                       Total angle    penalty:      0.013
                                       Total torsion  penalty:      0.001
|                               RMS deviation from ideal bonds :      0.0096
|                               RMS deviation from ideal angles:      4.465
 ------------------------------------------------------------------------------

--------------------------------------------------------------------------------
   5.  TIMINGS
--------------------------------------------------------------------------------

|                Calc gb radii              2.40 (22.60% of Gen B)
|                Calc gb diag               4.18 (39.32% of Gen B)
|                Calc gb off-diag           4.05 (38.06% of Gen B)
|                Other                      0.00 ( 0.02% of Gen B)
|             Gen Born time             10.64 (100.0% of Nonbo)
|          Nonbond force             10.64 (90.63% of Force)
|          Bond/Angle/Dihedral        1.06 ( 9.06% of Force)
|          Other                      0.04 ( 0.30% of Force)
|       Force time                11.74 (100.0% of Runmd)
|    Runmd Time                11.74 (99.76% of Total)
|    Other                      0.03 ( 0.24% of Total)
| Total time                11.77 (100.0% of ALL  )

| Number of list builds   :          0

| Highest rstack allocated:          0
| Highest istack allocated:          0
|           Job began  at 18:05:25.209  on 04/10/2019
|           Setup done at 18:05:25.213  on 04/10/2019
|           Run   done at 18:05:36.978  on 04/10/2019
|     wallclock() was called   90028 times

|3D-RISM memory allocation summary
|Type          Maximum        Current   
|Integer       0.00000 GB     0.00000 GB
|Real          0.00000 GB     0.00000 GB
|Logical       0.00000 GB     0.00000 GB
|Character     0.00000 GB     0.00000 GB
|---------------------------------------
|Total         0.00000 GB     0.00000 GB
