
          -------------------------------------------------------
          Amber 18 SANDER                              2018
          -------------------------------------------------------

| Run on 04/10/2019 at 18:11:30

|   Executable path: sander
| Working directory: /home/jlomibao/pAPRika_fork/pAPRika/test/windows_apr/a013
|          Hostname: entropy.ucsd.edu

  [-O]verwriting output

File Assignments:
|  MDIN: minimize.in                                                           
| MDOUT: minimize.out                                                          
|INPCRD: cb6-but-dum.rst7                                                      
|  PARM: cb6-but-dum.prmtop                                                    
|RESTRT: minimize.rst7                                                         
|  REFC: cb6-but-dum.rst7                                                      
| MDVEL: mdvel                                                                 
| MDFRC: mdfrc                                                                 
|  MDEN: minimize.mden                                                         
| MDCRD: minimize.nc                                                           
|MDINFO: minimize.mdinfo                                                       
|  MTMD: mtmd                                                                  
|INPDIP: inpdip                                                                
|RSTDIP: rstdip                                                                
|INPTRA: inptraj                                                               


 Here is the input file:

PBC MD Simulation                                                              
 &cntrl                                                                        
  imin =          1,                                                           
  ntx =           1,                                                           
  irest =         0,                                                           
  maxcyc =        5000,                                                        
  ncyc =          5000,                                                        
  dt =            0.002,                                                       
  nstlim =        5000,                                                        
  ntpr =          500,                                                         
  ntwe =          500,                                                         
  ntwr =          5000,                                                        
  ntwx =          500,                                                         
  ntxo =          1,                                                           
  ioutfm =        1,                                                           
  ntf =           2,                                                           
  ntc =           2,                                                           
  cut =           999.0,                                                       
  igb =           1,                                                           
  tempi =         298.15,                                                      
  temp0 =         298.15,                                                      
  ntt =           3,                                                           
  gamma_ln =      1.0,                                                         
  ig =            -1,                                                          
  ntp =           0,                                                           
  barostat =      2,                                                           
  ntr =           1,                                                           
  restraint_wt =  50.0,                                                        
  restraintmask = '@DUM',                                                      
  nmropt =        1,                                                           
  pencut =        -1,                                                          
  ntb =           0,                                                           
 /                                                                             
 &wt type = 'END', /                                                           
DISANG = rest.in                                                               
LISTOUT = POUT                                                                 
                                                                               

--------------------------------------------------------------------------------
   1.  RESOURCE   USE: 
--------------------------------------------------------------------------------

| Flags:                                                                        
| New format PARM file being parsed.
| Version =    1.000 Date = 01/16/19 Time = 17:42:13
 NATOM  =     125 NTYPES =       7 NBONH =      46 MBONA  =      93
 NTHETH =     118 MTHETA =     158 NPHIH =     200 MPHIA  =     375
 NHPARM =       0 NPARM  =       0 NNB   =     836 NRES   =       5
 NBONA  =      93 NTHETA =     158 NPHIA =     375 NUMBND =       6
 NUMANG =      12 NPTRA  =      13 NATYP =       7 NPHB   =       0
 IFBOX  =       0 NMXRS  =     108 IFCAP =       0 NEXTRA =       0
 NCOPY  =       0

 Implicit solvent radii are modified Bondi radii (mbondi)                                                   

|     Memory Use     Allocated
|     Real               14705
|     Hollerith            382
|     Integer            27997
|     Max Pairs              1
|     nblistReal             0
|     nblist Int             0
|       Total              225 kbytes

| Note: 1-4 EEL scale factors are being read from the topology file.

| Note: 1-4 VDW scale factors are being read from the topology file.
| Duplicated    0 dihedrals
| Duplicated    0 dihedrals
Note: ig = -1. Setting random seed to   587508 based on wallclock time in microseconds.

--------------------------------------------------------------------------------
   2.  CONTROL  DATA  FOR  THE  RUN
--------------------------------------------------------------------------------

default_name                                                                    

General flags:
     imin    =       1, nmropt  =       1

Nature and format of input:
     ntx     =       1, irest   =       0, ntrx    =       1

Nature and format of output:
     ntxo    =       1, ntpr    =     500, ntrx    =       1, ntwr    =    5000
     iwrap   =       0, ntwx    =     500, ntwv    =       0, ntwe    =     500
     ioutfm  =       1, ntwprt  =       0, idecomp =       0, rbornstat=      0

Potential function:
     ntf     =       2, ntb     =       0, igb     =       1, nsnb    =      25
     ipol    =       0, gbsa    =       0, iesp    =       0
     dielc   =   1.00000, cut     = 999.00000, intdiel =   1.00000
     saltcon =   0.00000, offset  =   0.09000, gbalpha=    1.00000
     gbbeta  =   0.00000, gbgamma =   0.00000, surften =   0.00500
     rdt     =   0.00000, rgbmax  =  25.00000  extdiel =  78.50000
     alpb  =        0

Frozen or restrained atoms:
     ibelly  =       0, ntr     =       1
     restraint_wt =  50.00000

Energy minimization:
     maxcyc  =    5000, ncyc    =    5000, ntmin   =       1
     dx0     =   0.01000, drms    =   0.00010

SHAKE:
     ntc     =       2, jfastw  =       0
     tol     =   0.00001

NMR refinement options:
     iscale  =       0, noeskp  =       1, ipnlty  =       1, mxsub   =       1
     scalm   = 100.00000, pencut  =  -1.00000, tausw   =   0.10000
|  INFO: Old style inpcrd file read


    LOADING THE CONSTRAINED ATOMS AS GROUPS


   5.  REFERENCE ATOM COORDINATES

  defa
     Mask @DUM; matches     3 atoms

--------------------------------------------------------------------------------
   3.  ATOMIC COORDINATES AND VELOCITIES
--------------------------------------------------------------------------------

default_name                                                                    
 begin time read from input coords =     0.000 ps



           Begin reading energy term weight changes/NMR restraints
 WEIGHT CHANGES:
                         ** No weight changes given **

 RESTRAINTS:
 Requested file redirections:
  DISANG    = rest.in
  LISTOUT   = POUT
 Restraints will be read from file: rest.in
Here are comments from the DISANG input file:

                       Number of restraints read =     9

                  Done reading weight changes/NMR restraints


 Number of triangulated 3-point waters found:        0

--------------------------------------------------------------------------------
   4.  RESULTS
--------------------------------------------------------------------------------



   NSTEP       ENERGY          RMS            GMAX         NAME    NUMBER
      1      -8.1356E+02     1.0057E+01     2.4770E+01     N12        57

 BOND    =       11.0328  ANGLE   =      109.3438  DIHED      =       52.9822
 VDWAALS =      -67.7110  EEL     =     1326.2731  EGB        =     -123.8292
 1-4 VDW =        5.8710  1-4 EEL =    -2127.5276  RESTRAINT  =        0.0000
 EAMBER  =     -813.5649
 NMR restraints: Bond =    0.000   Angle =     0.000   Torsion =     0.000
===============================================================================


   NSTEP       ENERGY          RMS            GMAX         NAME    NUMBER
    500      -8.2743E+02     4.9743E-01     1.6481E+00     H7        120

 BOND    =        1.2544  ANGLE   =      107.5594  DIHED      =       52.5889
 VDWAALS =      -68.4517  EEL     =     1332.0624  EGB        =     -127.3784
 1-4 VDW =        5.4842  1-4 EEL =    -2130.5661  RESTRAINT  =        0.0119
 EAMBER  =     -827.4468
 NMR restraints: Bond =    0.006   Angle =     0.005   Torsion =     0.000
===============================================================================


   NSTEP       ENERGY          RMS            GMAX         NAME    NUMBER
   1000      -8.2747E+02     4.9340E-01     1.5808E+00     H32       105

 BOND    =        1.2649  ANGLE   =      107.5459  DIHED      =       52.6168
 VDWAALS =      -68.5421  EEL     =     1332.2951  EGB        =     -127.4154
 1-4 VDW =        5.5037  1-4 EEL =    -2130.7502  RESTRAINT  =        0.0121
 EAMBER  =     -827.4813
 NMR restraints: Bond =    0.006   Angle =     0.005   Torsion =     0.000
===============================================================================


   NSTEP       ENERGY          RMS            GMAX         NAME    NUMBER
   1500      -8.2749E+02     4.9680E-01     1.5809E+00     H32       105

 BOND    =        1.2765  ANGLE   =      107.5415  DIHED      =       52.6209
 VDWAALS =      -68.5731  EEL     =     1332.3712  EGB        =     -127.4406
 1-4 VDW =        5.5069  1-4 EEL =    -2130.8059  RESTRAINT  =        0.0125
 EAMBER  =     -827.5027
 NMR restraints: Bond =    0.007   Angle =     0.005   Torsion =     0.001
===============================================================================


   NSTEP       ENERGY          RMS            GMAX         NAME    NUMBER
   2000      -8.2750E+02     4.9080E-01     1.5808E+00     H32       105

 BOND    =        1.2645  ANGLE   =      107.5416  DIHED      =       52.6216
 VDWAALS =      -68.5876  EEL     =     1332.3721  EGB        =     -127.4172
 1-4 VDW =        5.5109  1-4 EEL =    -2130.8213  RESTRAINT  =        0.0130
 EAMBER  =     -827.5154
 NMR restraints: Bond =    0.007   Angle =     0.005   Torsion =     0.001
===============================================================================


   NSTEP       ENERGY          RMS            GMAX         NAME    NUMBER
   2500      -8.2751E+02     4.9039E-01     1.5809E+00     H32       105

 BOND    =        1.2660  ANGLE   =      107.5406  DIHED      =       52.6226
 VDWAALS =      -68.5971  EEL     =     1332.3870  EGB        =     -127.4197
 1-4 VDW =        5.5118  1-4 EEL =    -2130.8346  RESTRAINT  =        0.0134
 EAMBER  =     -827.5233
 NMR restraints: Bond =    0.006   Angle =     0.005   Torsion =     0.001
===============================================================================


   NSTEP       ENERGY          RMS            GMAX         NAME    NUMBER
   3000      -8.2751E+02     5.1457E-01     1.5811E+00     H32       105

 BOND    =        1.2943  ANGLE   =      107.5370  DIHED      =       52.6244
 VDWAALS =      -68.6042  EEL     =     1332.4437  EGB        =     -127.4738
 1-4 VDW =        5.5076  1-4 EEL =    -2130.8564  RESTRAINT  =        0.0138
 EAMBER  =     -827.5274
 NMR restraints: Bond =    0.006   Angle =     0.006   Torsion =     0.001
===============================================================================


   NSTEP       ENERGY          RMS            GMAX         NAME    NUMBER
   3500      -8.2752E+02     4.8989E-01     1.5811E+00     H32       105

 BOND    =        1.2658  ANGLE   =      107.5397  DIHED      =       52.6248
 VDWAALS =      -68.6073  EEL     =     1332.3979  EGB        =     -127.4178
 1-4 VDW =        5.5130  1-4 EEL =    -2130.8472  RESTRAINT  =        0.0140
 EAMBER  =     -827.5312
 NMR restraints: Bond =    0.006   Angle =     0.006   Torsion =     0.001
===============================================================================


   NSTEP       ENERGY          RMS            GMAX         NAME    NUMBER
   4000      -8.2752E+02     4.8989E-01     1.5811E+00     H32       105

 BOND    =        1.2658  ANGLE   =      107.5397  DIHED      =       52.6248
 VDWAALS =      -68.6073  EEL     =     1332.3979  EGB        =     -127.4178
 1-4 VDW =        5.5130  1-4 EEL =    -2130.8472  RESTRAINT  =        0.0140
 EAMBER  =     -827.5312
 NMR restraints: Bond =    0.006   Angle =     0.006   Torsion =     0.001
===============================================================================


   NSTEP       ENERGY          RMS            GMAX         NAME    NUMBER
   4500      -8.2752E+02     4.8989E-01     1.5811E+00     H32       105

 BOND    =        1.2658  ANGLE   =      107.5397  DIHED      =       52.6248
 VDWAALS =      -68.6073  EEL     =     1332.3981  EGB        =     -127.4178
 1-4 VDW =        5.5130  1-4 EEL =    -2130.8474  RESTRAINT  =        0.0140
 EAMBER  =     -827.5312
 NMR restraints: Bond =    0.006   Angle =     0.006   Torsion =     0.001
===============================================================================


   NSTEP       ENERGY          RMS            GMAX         NAME    NUMBER
   5000      -8.2752E+02     4.8989E-01     1.5811E+00     H32       105

 BOND    =        1.2658  ANGLE   =      107.5397  DIHED      =       52.6248
 VDWAALS =      -68.6073  EEL     =     1332.3979  EGB        =     -127.4178
 1-4 VDW =        5.5130  1-4 EEL =    -2130.8473  RESTRAINT  =        0.0140
 EAMBER  =     -827.5312
 NMR restraints: Bond =    0.006   Angle =     0.006   Torsion =     0.001
===============================================================================


  Maximum number of minimization cycles reached.


                    FINAL RESULTS



   NSTEP       ENERGY          RMS            GMAX         NAME    NUMBER
   5000      -8.2752E+02     4.8989E-01     1.5811E+00     H32       105

 BOND    =        1.2658  ANGLE   =      107.5397  DIHED      =       52.6248
 VDWAALS =      -68.6073  EEL     =     1332.3979  EGB        =     -127.4178
 1-4 VDW =        5.5130  1-4 EEL =    -2130.8473  RESTRAINT  =        0.0140
 EAMBER  =     -827.5312
 NMR restraints: Bond =    0.006   Angle =     0.006   Torsion =     0.001
===============================================================================
 ------------------------------------------------------------------------------


 Final Restraint Analysis for coords: minimize.rst7                           


 Restraints, deviations, and energy contributions:    pencut =   -1.00

 ------------------------------------------------------------------------------
     First atom        Last atom    curr. value target deviation  penalty
 ------------------------------------------------------------------------------
  DUM  DM1    3 --  C7   CB6    1:    9.308    9.302    0.006    0.000 d    0: 0
  DUM  DM2    4 --  C7   CB6    1:  147.243  147.398    0.154    0.001 a
  DUM  DM2    4 --  DUM  DM1    3:   49.492   49.483    0.009    0.000 t
  DUM  DM1    3 --  C31  CB6    1:   62.004   62.003    0.001    0.000 a
  DUM  DM1    3 --  C7   CB6    1: -146.032 -146.178    0.147    0.001 t
  C7   CB6    1 --  C31  CB6    1:  -72.691  -72.548    0.143    0.001 t
  DUM  DM1    3 --  C    BUT    2:    5.959    6.000    0.041    0.006 d    0: 0
  DUM  DM2    4 --  C    BUT    2:  179.719  180.000    0.281    0.002 a
  DUM  DM1    3 --  C3   BUT    2:  179.630  180.000    0.370    0.003 a
                                       Total distance penalty:      0.006
                                       Total angle    penalty:      0.006
                                       Total torsion  penalty:      0.001
|                               RMS deviation from ideal bonds :      0.0096
|                               RMS deviation from ideal angles:      4.465
 ------------------------------------------------------------------------------

--------------------------------------------------------------------------------
   5.  TIMINGS
--------------------------------------------------------------------------------

|                Calc gb radii              2.33 (22.62% of Gen B)
|                Calc gb diag               4.08 (39.52% of Gen B)
|                Calc gb off-diag           3.90 (37.83% of Gen B)
|                Other                      0.00 ( 0.02% of Gen B)
|             Gen Born time             10.31 (100.0% of Nonbo)
|          Nonbond force             10.31 (89.78% of Force)
|          Bond/Angle/Dihedral        1.14 ( 9.90% of Force)
|          Other                      0.04 ( 0.32% of Force)
|       Force time                11.49 (100.0% of Runmd)
|    Runmd Time                11.49 (99.75% of Total)
|    Other                      0.03 ( 0.25% of Total)
| Total time                11.52 (100.0% of ALL  )

| Number of list builds   :          0

| Highest rstack allocated:          0
| Highest istack allocated:          0
|           Job began  at 18:11:30.583  on 04/10/2019
|           Setup done at 18:11:30.589  on 04/10/2019
|           Run   done at 18:11:42.101  on 04/10/2019
|     wallclock() was called   90028 times

|3D-RISM memory allocation summary
|Type          Maximum        Current   
|Integer       0.00000 GB     0.00000 GB
|Real          0.00000 GB     0.00000 GB
|Logical       0.00000 GB     0.00000 GB
|Character     0.00000 GB     0.00000 GB
|---------------------------------------
|Total         0.00000 GB     0.00000 GB
