
          -------------------------------------------------------
          Amber 18 SANDER                              2018
          -------------------------------------------------------

| Run on 04/10/2019 at 18:17:36

|   Executable path: sander
| Working directory: /home/jlomibao/pAPRika_fork/pAPRika/test/windows_apr/p003
|          Hostname: entropy.ucsd.edu

  [-O]verwriting output

File Assignments:
|  MDIN: minimize.in                                                           
| MDOUT: minimize.out                                                          
|INPCRD: cb6-but-dum.rst7                                                      
|  PARM: cb6-but-dum.prmtop                                                    
|RESTRT: minimize.rst7                                                         
|  REFC: cb6-but-dum.rst7                                                      
| MDVEL: mdvel                                                                 
| MDFRC: mdfrc                                                                 
|  MDEN: minimize.mden                                                         
| MDCRD: minimize.nc                                                           
|MDINFO: minimize.mdinfo                                                       
|  MTMD: mtmd                                                                  
|INPDIP: inpdip                                                                
|RSTDIP: rstdip                                                                
|INPTRA: inptraj                                                               


 Here is the input file:

PBC MD Simulation                                                              
 &cntrl                                                                        
  imin =          1,                                                           
  ntx =           1,                                                           
  irest =         0,                                                           
  maxcyc =        5000,                                                        
  ncyc =          5000,                                                        
  dt =            0.002,                                                       
  nstlim =        5000,                                                        
  ntpr =          500,                                                         
  ntwe =          500,                                                         
  ntwr =          5000,                                                        
  ntwx =          500,                                                         
  ntxo =          1,                                                           
  ioutfm =        1,                                                           
  ntf =           2,                                                           
  ntc =           2,                                                           
  cut =           999.0,                                                       
  igb =           1,                                                           
  tempi =         298.15,                                                      
  temp0 =         298.15,                                                      
  ntt =           3,                                                           
  gamma_ln =      1.0,                                                         
  ig =            -1,                                                          
  ntp =           0,                                                           
  barostat =      2,                                                           
  ntr =           1,                                                           
  restraint_wt =  50.0,                                                        
  restraintmask = '@DUM',                                                      
  nmropt =        1,                                                           
  pencut =        -1,                                                          
  ntb =           0,                                                           
 /                                                                             
 &wt type = 'END', /                                                           
DISANG = rest.in                                                               
LISTOUT = POUT                                                                 
                                                                               

--------------------------------------------------------------------------------
   1.  RESOURCE   USE: 
--------------------------------------------------------------------------------

| Flags:                                                                        
| New format PARM file being parsed.
| Version =    1.000 Date = 01/16/19 Time = 17:42:13
 NATOM  =     125 NTYPES =       7 NBONH =      46 MBONA  =      93
 NTHETH =     118 MTHETA =     158 NPHIH =     200 MPHIA  =     375
 NHPARM =       0 NPARM  =       0 NNB   =     836 NRES   =       5
 NBONA  =      93 NTHETA =     158 NPHIA =     375 NUMBND =       6
 NUMANG =      12 NPTRA  =      13 NATYP =       7 NPHB   =       0
 IFBOX  =       0 NMXRS  =     108 IFCAP =       0 NEXTRA =       0
 NCOPY  =       0

 Implicit solvent radii are modified Bondi radii (mbondi)                                                   

|     Memory Use     Allocated
|     Real               14705
|     Hollerith            382
|     Integer            27997
|     Max Pairs              1
|     nblistReal             0
|     nblist Int             0
|       Total              225 kbytes

| Note: 1-4 EEL scale factors are being read from the topology file.

| Note: 1-4 VDW scale factors are being read from the topology file.
| Duplicated    0 dihedrals
| Duplicated    0 dihedrals
Note: ig = -1. Setting random seed to   410822 based on wallclock time in microseconds.

--------------------------------------------------------------------------------
   2.  CONTROL  DATA  FOR  THE  RUN
--------------------------------------------------------------------------------

default_name                                                                    

General flags:
     imin    =       1, nmropt  =       1

Nature and format of input:
     ntx     =       1, irest   =       0, ntrx    =       1

Nature and format of output:
     ntxo    =       1, ntpr    =     500, ntrx    =       1, ntwr    =    5000
     iwrap   =       0, ntwx    =     500, ntwv    =       0, ntwe    =     500
     ioutfm  =       1, ntwprt  =       0, idecomp =       0, rbornstat=      0

Potential function:
     ntf     =       2, ntb     =       0, igb     =       1, nsnb    =      25
     ipol    =       0, gbsa    =       0, iesp    =       0
     dielc   =   1.00000, cut     = 999.00000, intdiel =   1.00000
     saltcon =   0.00000, offset  =   0.09000, gbalpha=    1.00000
     gbbeta  =   0.00000, gbgamma =   0.00000, surften =   0.00500
     rdt     =   0.00000, rgbmax  =  25.00000  extdiel =  78.50000
     alpb  =        0

Frozen or restrained atoms:
     ibelly  =       0, ntr     =       1
     restraint_wt =  50.00000

Energy minimization:
     maxcyc  =    5000, ncyc    =    5000, ntmin   =       1
     dx0     =   0.01000, drms    =   0.00010

SHAKE:
     ntc     =       2, jfastw  =       0
     tol     =   0.00001

NMR refinement options:
     iscale  =       0, noeskp  =       1, ipnlty  =       1, mxsub   =       1
     scalm   = 100.00000, pencut  =  -1.00000, tausw   =   0.10000
|  INFO: Old style inpcrd file read


    LOADING THE CONSTRAINED ATOMS AS GROUPS


   5.  REFERENCE ATOM COORDINATES

      
     Mask @DUM; matches     3 atoms

--------------------------------------------------------------------------------
   3.  ATOMIC COORDINATES AND VELOCITIES
--------------------------------------------------------------------------------

                                                                                
 begin time read from input coords =     0.000 ps



           Begin reading energy term weight changes/NMR restraints
 WEIGHT CHANGES:
                         ** No weight changes given **

 RESTRAINTS:
 Requested file redirections:
  DISANG    = rest.in
  LISTOUT   = POUT
 Restraints will be read from file: rest.in
Here are comments from the DISANG input file:

                       Number of restraints read =     9

                  Done reading weight changes/NMR restraints


 Number of triangulated 3-point waters found:        0

--------------------------------------------------------------------------------
   4.  RESULTS
--------------------------------------------------------------------------------



   NSTEP       ENERGY          RMS            GMAX         NAME    NUMBER
      1      -7.8990E+02     1.0438E+01     2.6756E+01     H4        116

 BOND    =       11.0328  ANGLE   =      109.3438  DIHED      =       52.9822
 VDWAALS =      -45.6804  EEL     =     1326.5537  EGB        =     -122.4732
 1-4 VDW =        5.8710  1-4 EEL =    -2127.5276  RESTRAINT  =        0.0000
 EAMBER  =     -789.8978
 NMR restraints: Bond =    0.000   Angle =     0.000   Torsion =     0.000
===============================================================================


   NSTEP       ENERGY          RMS            GMAX         NAME    NUMBER
    500      -8.1379E+02     6.3635E-01     3.5019E+00     H3        114

 BOND    =        1.2336  ANGLE   =      108.5454  DIHED      =       54.3579
 VDWAALS =      -56.4901  EEL     =     1323.0460  EGB        =     -125.4141
 1-4 VDW =        4.9428  1-4 EEL =    -2124.0553  RESTRAINT  =        0.0441
 EAMBER  =     -813.8338
 NMR restraints: Bond =    0.023   Angle =     0.018   Torsion =     0.000
===============================================================================


   NSTEP       ENERGY          RMS            GMAX         NAME    NUMBER
   1000      -8.1391E+02     6.2783E-01     3.4051E+00     H3        114

 BOND    =        1.2540  ANGLE   =      108.5525  DIHED      =       54.3329
 VDWAALS =      -56.6953  EEL     =     1323.3583  EGB        =     -125.4894
 1-4 VDW =        4.9642  1-4 EEL =    -2124.2660  RESTRAINT  =        0.0759
 EAMBER  =     -813.9888
 NMR restraints: Bond =    0.047   Angle =     0.024   Torsion =     0.001
===============================================================================


   NSTEP       ENERGY          RMS            GMAX         NAME    NUMBER
   1500      -8.1401E+02     6.2530E-01     3.3566E+00     H3        114

 BOND    =        1.2531  ANGLE   =      108.5493  DIHED      =       54.3334
 VDWAALS =      -56.8569  EEL     =     1323.3882  EGB        =     -125.4888
 1-4 VDW =        4.9718  1-4 EEL =    -2124.2780  RESTRAINT  =        0.1144
 EAMBER  =     -814.1281
 NMR restraints: Bond =    0.082   Angle =     0.026   Torsion =     0.001
===============================================================================


   NSTEP       ENERGY          RMS            GMAX         NAME    NUMBER
   2000      -8.1411E+02     6.2594E-01     3.3223E+00     H3        114

 BOND    =        1.2487  ANGLE   =      108.5438  DIHED      =       54.3345
 VDWAALS =      -57.0175  EEL     =     1323.3965  EGB        =     -125.4818
 1-4 VDW =        4.9789  1-4 EEL =    -2124.2748  RESTRAINT  =        0.1627
 EAMBER  =     -814.2718
 NMR restraints: Bond =    0.127   Angle =     0.027   Torsion =     0.002
===============================================================================


   NSTEP       ENERGY          RMS            GMAX         NAME    NUMBER
   2500      -8.1421E+02     6.3856E-01     3.2895E+00     H3        114

 BOND    =        1.2359  ANGLE   =      108.5355  DIHED      =       54.3309
 VDWAALS =      -57.1968  EEL     =     1323.3980  EGB        =     -125.4606
 1-4 VDW =        4.9883  1-4 EEL =    -2124.2698  RESTRAINT  =        0.2270
 EAMBER  =     -814.4387
 NMR restraints: Bond =    0.188   Angle =     0.028   Torsion =     0.002
===============================================================================


   NSTEP       ENERGY          RMS            GMAX         NAME    NUMBER
   3000      -8.1432E+02     6.2238E-01     3.2569E+00     H3        114

 BOND    =        1.2550  ANGLE   =      108.5257  DIHED      =       54.3208
 VDWAALS =      -57.3808  EEL     =     1323.4840  EGB        =     -125.5216
 1-4 VDW =        4.9912  1-4 EEL =    -2124.2927  RESTRAINT  =        0.3026
 EAMBER  =     -814.6185
 NMR restraints: Bond =    0.259   Angle =     0.028   Torsion =     0.003
===============================================================================


   NSTEP       ENERGY          RMS            GMAX         NAME    NUMBER
   3500      -8.1443E+02     6.2600E-01     3.2195E+00     H3        114

 BOND    =        1.2686  ANGLE   =      108.5131  DIHED      =       54.3019
 VDWAALS =      -57.5862  EEL     =     1323.5850  EGB        =     -125.5775
 1-4 VDW =        4.9965  1-4 EEL =    -2124.3267  RESTRAINT  =        0.3966
 EAMBER  =     -814.8252
 NMR restraints: Bond =    0.349   Angle =     0.029   Torsion =     0.003
===============================================================================


   NSTEP       ENERGY          RMS            GMAX         NAME    NUMBER
   4000      -8.1454E+02     6.3105E-01     3.1804E+00     H3        114

 BOND    =        1.2750  ANGLE   =      108.4990  DIHED      =       54.2762
 VDWAALS =      -57.7912  EEL     =     1323.6934  EGB        =     -125.6235
 1-4 VDW =        5.0036  1-4 EEL =    -2124.3703  RESTRAINT  =        0.4990
 EAMBER  =     -815.0378
 NMR restraints: Bond =    0.446   Angle =     0.030   Torsion =     0.004
===============================================================================


   NSTEP       ENERGY          RMS            GMAX         NAME    NUMBER
   4500      -8.1466E+02     6.1827E-01     3.1364E+00     H3        114

 BOND    =        1.2588  ANGLE   =      108.4822  DIHED      =       54.2417
 VDWAALS =      -58.0119  EEL     =     1323.7896  EGB        =     -125.6308
 1-4 VDW =        5.0161  1-4 EEL =    -2124.4199  RESTRAINT  =        0.6177
 EAMBER  =     -815.2742
 NMR restraints: Bond =    0.559   Angle =     0.031   Torsion =     0.004
===============================================================================


   NSTEP       ENERGY          RMS            GMAX         NAME    NUMBER
   5000      -8.1478E+02     6.1685E-01     3.0870E+00     H3        114

 BOND    =        1.2475  ANGLE   =      108.4634  DIHED      =       54.1987
 VDWAALS =      -58.2462  EEL     =     1323.9250  EGB        =     -125.6569
 1-4 VDW =        5.0286  1-4 EEL =    -2124.4902  RESTRAINT  =        0.7516
 EAMBER  =     -815.5301
 NMR restraints: Bond =    0.686   Angle =     0.033   Torsion =     0.005
===============================================================================


  Maximum number of minimization cycles reached.


                    FINAL RESULTS



   NSTEP       ENERGY          RMS            GMAX         NAME    NUMBER
   5000      -8.1478E+02     6.1685E-01     3.0870E+00     H3        114

 BOND    =        1.2475  ANGLE   =      108.4634  DIHED      =       54.1987
 VDWAALS =      -58.2462  EEL     =     1323.9250  EGB        =     -125.6569
 1-4 VDW =        5.0286  1-4 EEL =    -2124.4902  RESTRAINT  =        0.7516
 EAMBER  =     -815.5301
 NMR restraints: Bond =    0.686   Angle =     0.033   Torsion =     0.005
===============================================================================
 ------------------------------------------------------------------------------


 Final Restraint Analysis for coords: minimize.rst7                           


 Restraints, deviations, and energy contributions:    pencut =   -1.00

 ------------------------------------------------------------------------------
     First atom        Last atom    curr. value target deviation  penalty
 ------------------------------------------------------------------------------
  DUM  DM1    3 --  C7   CB6    1:    9.431    9.302    0.130    0.084 d    0: 0
  DUM  DM2    4 --  C7   CB6    1:  147.744  147.398    0.347    0.004 a
  DUM  DM2    4 --  DUM  DM1    3:   49.542   49.483    0.059    0.000 t
  DUM  DM1    3 --  C31  CB6    1:   62.586   62.003    0.584    0.010 a
  DUM  DM1    3 --  C7   CB6    1: -146.072 -146.178    0.106    0.000 t
  C7   CB6    1 --  C31  CB6    1:  -72.179  -72.548    0.369    0.004 t
  DUM  DM1    3 --  C    BUT    2:    8.829    9.176    0.347    0.602 d    0: 0
  DUM  DM2    4 --  C    BUT    2:  179.867  180.000    0.133    0.001 a
  DUM  DM1    3 --  C3   BUT    2:  179.214  180.000    0.786    0.019 a
                                       Total distance penalty:      0.686
                                       Total angle    penalty:      0.033
                                       Total torsion  penalty:      0.005
|                               RMS deviation from ideal bonds :      0.0096
|                               RMS deviation from ideal angles:      4.483
 ------------------------------------------------------------------------------

--------------------------------------------------------------------------------
   5.  TIMINGS
--------------------------------------------------------------------------------

|                Calc gb radii              2.32 (22.23% of Gen B)
|                Calc gb diag               4.10 (39.23% of Gen B)
|                Calc gb off-diag           4.02 (38.52% of Gen B)
|                Other                      0.00 ( 0.02% of Gen B)
|             Gen Born time             10.44 (100.0% of Nonbo)
|          Nonbond force             10.44 (90.45% of Force)
|          Bond/Angle/Dihedral        1.07 ( 9.26% of Force)
|          Other                      0.03 ( 0.29% of Force)
|       Force time                11.54 (100.0% of Runmd)
|    Runmd Time                11.54 (99.73% of Total)
|    Other                      0.03 ( 0.26% of Total)
| Total time                11.57 (100.0% of ALL  )

| Number of list builds   :          0

| Highest rstack allocated:          0
| Highest istack allocated:          0
|           Job began  at 18:17:36.407  on 04/10/2019
|           Setup done at 18:17:36.412  on 04/10/2019
|           Run   done at 18:17:47.980  on 04/10/2019
|     wallclock() was called   90028 times

|3D-RISM memory allocation summary
|Type          Maximum        Current   
|Integer       0.00000 GB     0.00000 GB
|Real          0.00000 GB     0.00000 GB
|Logical       0.00000 GB     0.00000 GB
|Character     0.00000 GB     0.00000 GB
|---------------------------------------
|Total         0.00000 GB     0.00000 GB
